Microchip MPLAB XC8 Compiler V2.20

Linker command line:

-W-3 --edf=C:\Program Files\Microchip\xc8\v2.20\pic\dat\en_msgs.txt -cn \
  -h+dist/default/production\DC_MOTOR_CTL.X.production.sym \
  --cmf=dist/default/production\DC_MOTOR_CTL.X.production.cmf -z -Q16F1778 \
  -oC:\Users\user\AppData\Local\Temp\s6jg.2 --defsym=__MPLAB_BUILD=1 \
  -Mdist/default/production/DC_MOTOR_CTL.X.production.map -E1 \
  -ver=XC8 Compiler --acfsm=1493 -ASTACK=02410h-027EFh -pstack=STACK \
  -ACODE=00h-07FFhx8 -ASTRCODE=00h-03FFFh -ASTRING=00h-0FFhx64 \
  -ACONST=00h-0FFhx64 -AENTRY=00h-0FFhx64 -ACOMMON=070h-07Fh \
  -ABANK0=020h-06Fh -ABANK1=0A0h-0EFh -ABANK2=0120h-016Fh \
  -ABANK3=01A0h-01EFh -ABANK4=0220h-026Fh -ABANK5=02A0h-02EFh \
  -ABANK6=0320h-036Fh -ABANK7=03A0h-03EFh -ABANK8=0420h-046Fh \
  -ABANK9=04A0h-04EFh -ABANK10=0520h-056Fh -ABANK11=05A0h-05EFh \
  -ABANK12=0620h-064Fh -ABANK13=06A0h-06EFh -ABANK14=0720h-076Fh \
  -ABANK15=07A0h-07EFh -ABANK16=0820h-086Fh -ABANK17=08A0h-08EFh \
  -ABANK18=0920h-096Fh -ABANK19=09A0h-09EFh -ABANK20=0A20h-0A6Fh \
  -ABANK21=0AA0h-0AEFh -ABANK22=0B20h-0B6Fh -ABANK23=0BA0h-0BEFh \
  -ABANK24=0C20h-0C6Fh -ABANK25=0CA0h-0CBFh \
  -ABIGRAM=02000h-023EFh,02410h-027EFh \
  -ARAM=020h-06Fh,0A0h-0EFh,0120h-016Fh,01A0h-01EFh,0220h-026Fh,02A0h-02EFh,0320h-036Fh,03A0h-03EFh,0420h-046Fh,04A0h-04EFh,0520h-056Fh,05A0h-05EFh,0620h-064Fh,06A0h-06EFh,0720h-076Fh,07A0h-07EFh,0820h-086Fh,08A0h-08EFh,0920h-096Fh,09A0h-09EFh,0A20h-0A6Fh,0AA0h-0AEFh,0B20h-0B6Fh,0BA0h-0BEFh,0C20h-0C6Fh,0CA0h-0CBFh \
  -AABS1=020h-07Fh,0A0h-0EFh,0120h-016Fh,01A0h-01EFh,0220h-026Fh,02A0h-02EFh,0320h-036Fh,03A0h-03EFh,0420h-046Fh,04A0h-04EFh,0520h-056Fh,05A0h-05EFh,0620h-064Fh,06A0h-06EFh,0720h-076Fh,07A0h-07EFh,0820h-086Fh,08A0h-08EFh,0920h-096Fh,09A0h-09EFh,0A20h-0A6Fh,0AA0h-0AEFh,0B20h-0B6Fh,0BA0h-0BEFh,0C20h-0C6Fh,0CA0h-0CBFh \
  -ASFR0=00h-01Fh -ASFR1=080h-09Fh -ASFR2=0100h-011Fh -ASFR3=0180h-019Fh \
  -ASFR4=0200h-021Fh -ASFR5=0280h-029Fh -ASFR6=0300h-031Fh \
  -ASFR7=0380h-039Fh -ASFR8=0400h-041Fh -ASFR9=0480h-049Fh \
  -ASFR10=0500h-051Fh -ASFR11=0580h-059Fh -ASFR12=0600h-061Fh \
  -ASFR13=0680h-069Fh -ASFR14=0700h-071Fh -ASFR15=0780h-079Fh \
  -ASFR16=0800h-081Fh -ASFR17=0880h-089Fh -ASFR18=0900h-091Fh \
  -ASFR19=0980h-099Fh -ASFR20=0A00h-0A1Fh -ASFR21=0A80h-0A9Fh \
  -ASFR22=0B00h-0B1Fh -ASFR23=0B80h-0B9Fh -ASFR24=0C00h-0C1Fh \
  -ASFR25=0C80h-0C9Fh -ASFR26=0D00h-0D6Fh -ASFR27=0D80h-0DEFh \
  -ASFR28=0E00h-0E6Fh -ASFR29=0E80h-0EEFh -ASFR30=0F00h-0F6Fh \
  -ASFR31=0F80h-0FEFh -ACONFIG=08007h-08008h -DCONFIG=2 \
  -AIDLOC=08000h-08003h -DIDLOC=2 -preset_vec=00h,intentry,init,end_init \
  -ppowerup=CODE -pcinit=CODE -pfunctab=ENTRY -DCODE=2 -DSTRCODE=2 \
  -DSTRING=2 -DCONST=2 -DENTRY=2 -k C:\Users\user\AppData\Local\Temp\s6jg.o \
  dist/default/production\DC_MOTOR_CTL.X.production.o 

Object code version is 3.11

Machine type is 16F1778



                Name                               Link     Load   Length Selector   Space Scale
C:\Users\user\AppData\Local\Temp\s6jg.o
                end_init                              2        2        2        0       0
                reset_vec                             0        0        2        0       0
                config                             8007     8007        2        0       4
dist/default/production\DC_MOTOR_CTL.X.production.o
                cinit                               7DD      7DD       23      FBA       0
                config                             8007     8007        2        0       4
                text65                              268      268       13      4D0       0
                text64                              31A      31A       20      634       0
                text63                              18C      18C        A      318       0
                text62                              1A0      1A0        C      340       0
                text61                              560      560       42      AC0       0
                text60                              196      196        A      32C       0
                text59                              1C6      1C6        E      38C       0
                text58                              119      119        4      232       0
                text57                              27B      27B       16      4F6       0
                text56                               FE       FE        3      1FC       0
                text55                              101      101        3      202       0
                text54                              104      104        3      208       0
                text53                              2C1      2C1       1C      582       0
                text52                              107      107        3      20E       0
                text51                              10A      10A        3      214       0
                text50                              10D      10D        3      21A       0
                text49                              1F1      1F1       10      3E2       0
                text48                              35E      35E       26      6BC       0
                text47                              1AC      1AC        D      358       0
                text46                              201      201       11      402       0
                text45                               FA       FA        2      1F4       0
                text44                               FC       FC        2      1F8       0
                text43                              212      212       11      424       0
                text42                              223      223       11      446       0
                text41                              234      234       11      468       0
                text40                              291      291       18      522       0
                text39                              110      110        3      220       0
                text38                              11D      11D        4      23A       0
                text37                              113      113        3      226       0
                text36                              121      121        4      242       0
                text35                              125      125        5      24A       0
                text34                              15C      15C        6      2B8       0
                text33                              116      116        3      22C       0
                text32                              384      384       27      708       0
                text31                              12A      12A        5      254       0
                text30                              183      183        9      306       0
                text29                              17B      17B        8      2F6       0
                text28                              5A2      5A2       54      B44       0
                text27                              4E3      4E3       3E      9C6       0
                text26                              174      174        7      2E8       0
                text25                              12F      12F        5      25E       0
                text24                              134      134        5      268       0
                text23                              139      139        5      272       0
                text22                              13E      13E        5      27C       0
                text21                              143      143        5      286       0
                text20                              148      148        5      290       0
                text19                              14D      14D        5      29A       0
                text18                              152      152        5      2A4       0
                text17                              33A      33A       24      674       0
                text16                              3D4      3D4       2B      7A8       0
                text15                              162      162        6      2C4       0
                text14                              1B9      1B9        D      372       0
                text13                              2DD      2DD       1E      5BA       0
                text12                              157      157        5      2AE       0
                text11                              1D4      1D4        E      3A8       0
                text10                              433      433       3A      866       0
                text9                               46D      46D       3A      8DA       0
                text8                               521      521       3F      A42       0
                text7                               3AB      3AB       29      756       0
                text6                               2A9      2A9       18      552       0
                text5                               4A7      4A7       3C      94E       0
                text4                               3FF      3FF       34      7FE       0
                text3                               2FB      2FB       1F      5F6       0
                text2                               256      256       12      4AC       0
                text1                               680      680      15D      D00       0
                maintext                            5F6      5F6       8A      BEC       0
                cstackBANK0                          3D       3D       13       20       1
                cstackCOMMON                         70       70        E       70       1
                clrtext                             168      168        6      2D0       0
                inittext                            16E      16E        6      2DC       0
                dataBANK1                            A0       A0       11       A0       1
                dataBANK0                            50       50        F       20       1
                bssBANK0                             20       20       1D       20       1
                stringtext3                         858      858       15     1000       0
                stringtext2                         838      838       20     1000       0
                stringtext1                         800      800       38     1000       0
                idataBANK1                          245      245       11      48A       0
                idataBANK0                          1E2      1E2        F      3C4       0

TOTAL           Name                               Link     Load   Length     Space
        CLASS   STACK          

        CLASS   CODE           
                end_init                              2        2        2         0
                cinit                               7DD      7DD       23         0
                reset_vec                             0        0        2         0
                text65                              268      268       13         0
                text64                              31A      31A       20         0
                text63                              18C      18C        A         0
                text62                              1A0      1A0        C         0
                text61                              560      560       42         0
                text60                              196      196        A         0
                text59                              1C6      1C6        E         0
                text58                              119      119        4         0
                text57                              27B      27B       16         0
                text56                               FE       FE        3         0
                text55                              101      101        3         0
                text54                              104      104        3         0
                text53                              2C1      2C1       1C         0
                text52                              107      107        3         0
                text51                              10A      10A        3         0
                text50                              10D      10D        3         0
                text49                              1F1      1F1       10         0
                text48                              35E      35E       26         0
                text47                              1AC      1AC        D         0
                text46                              201      201       11         0
                text45                               FA       FA        2         0
                text44                               FC       FC        2         0
                text43                              212      212       11         0
                text42                              223      223       11         0
                text41                              234      234       11         0
                text40                              291      291       18         0
                text39                              110      110        3         0
                text38                              11D      11D        4         0
                text37                              113      113        3         0
                text36                              121      121        4         0
                text35                              125      125        5         0
                text34                              15C      15C        6         0
                text33                              116      116        3         0
                text32                              384      384       27         0
                text31                              12A      12A        5         0
                text30                              183      183        9         0
                text29                              17B      17B        8         0
                text28                              5A2      5A2       54         0
                text27                              4E3      4E3       3E         0
                text26                              174      174        7         0
                text25                              12F      12F        5         0
                text24                              134      134        5         0
                text23                              139      139        5         0
                text22                              13E      13E        5         0
                text21                              143      143        5         0
                text20                              148      148        5         0
                text19                              14D      14D        5         0
                text18                              152      152        5         0
                text17                              33A      33A       24         0
                text16                              3D4      3D4       2B         0
                text15                              162      162        6         0
                text14                              1B9      1B9        D         0
                text13                              2DD      2DD       1E         0
                text12                              157      157        5         0
                text11                              1D4      1D4        E         0
                text10                              433      433       3A         0
                text9                               46D      46D       3A         0
                text8                               521      521       3F         0
                text7                               3AB      3AB       29         0
                text6                               2A9      2A9       18         0
                text5                               4A7      4A7       3C         0
                text4                               3FF      3FF       34         0
                text3                               2FB      2FB       1F         0
                text2                               256      256       12         0
                text1                               680      680      15D         0
                maintext                            5F6      5F6       8A         0
                clrtext                             168      168        6         0
                inittext                            16E      16E        6         0
                idataBANK1                          245      245       11         0
                idataBANK0                          1E2      1E2        F         0

        CLASS   STRCODE        
                stringtext3                         858      858       15         0
                stringtext2                         838      838       20         0
                stringtext1                         800      800       38         0

        CLASS   STRING         

        CLASS   CONST          

        CLASS   ENTRY          

        CLASS   COMMON         
                cstackCOMMON                         70       70        E         1

        CLASS   BANK0          
                cstackBANK0                          3D       3D       13         1
                dataBANK0                            50       50        F         1
                bssBANK0                             20       20       1D         1

        CLASS   BANK1          
                dataBANK1                            A0       A0       11         1

        CLASS   BANK2          

        CLASS   BANK3          

        CLASS   BANK4          

        CLASS   BANK5          

        CLASS   BANK6          

        CLASS   BANK7          

        CLASS   BANK8          

        CLASS   BANK9          

        CLASS   BANK10         

        CLASS   BANK11         

        CLASS   BANK12         

        CLASS   BANK13         

        CLASS   BANK14         

        CLASS   BANK15         

        CLASS   BANK16         

        CLASS   BANK17         

        CLASS   BANK18         

        CLASS   BANK19         

        CLASS   BANK20         

        CLASS   BANK21         

        CLASS   BANK22         

        CLASS   BANK23         

        CLASS   BANK24         

        CLASS   BANK25         

        CLASS   BIGRAM         

        CLASS   RAM            

        CLASS   ABS1           
                abs_s1                               7E       7E        2         1

        CLASS   SFR0           

        CLASS   SFR1           

        CLASS   SFR2           

        CLASS   SFR3           

        CLASS   SFR4           

        CLASS   SFR5           

        CLASS   SFR6           

        CLASS   SFR7           

        CLASS   SFR8           

        CLASS   SFR9           

        CLASS   SFR10          

        CLASS   SFR11          

        CLASS   SFR12          

        CLASS   SFR13          

        CLASS   SFR14          

        CLASS   SFR15          

        CLASS   SFR16          

        CLASS   SFR17          

        CLASS   SFR18          

        CLASS   SFR19          

        CLASS   SFR20          

        CLASS   SFR21          

        CLASS   SFR22          

        CLASS   SFR23          

        CLASS   SFR24          

        CLASS   SFR25          

        CLASS   SFR26          

        CLASS   SFR27          

        CLASS   SFR28          

        CLASS   SFR29          

        CLASS   SFR30          

        CLASS   SFR31          

        CLASS   CONFIG         
                config                             8007     8007        2         4

        CLASS   IDLOC          

        CLASS   BANK31         

        CLASS   BANK30         

        CLASS   BANK29         

        CLASS   BANK28         

        CLASS   BANK27         

        CLASS   BANK26         

        CLASS   EEDATA         



SEGMENTS        Name                           Load    Length   Top    Selector   Space  Class     Delta

                reset_vec                      000000  000004  000004         0       0  CODE        2
                bssBANK0                       000020  00003F  00005F        20       1  BANK0       1
                cstackCOMMON                   000070  00000E  00007E        70       1  COMMON      1
                dataBANK1                      0000A0  000011  0000B1        A0       1  BANK1       1
                text45                         0000FA  000002  0000FC       1F4       0  CODE        2
                text44                         0000FC  000002  0000FE       1F8       0  CODE        2
                text56                         0000FE  000003  000101       1FC       0  CODE        2
                text55                         000101  000003  000104       202       0  CODE        2
                text54                         000104  000003  000107       208       0  CODE        2
                text52                         000107  000003  00010A       20E       0  CODE        2
                text51                         00010A  000003  00010D       214       0  CODE        2
                text50                         00010D  000003  000110       21A       0  CODE        2
                text39                         000110  000003  000113       220       0  CODE        2
                text37                         000113  000003  000116       226       0  CODE        2
                text33                         000116  000003  000119       22C       0  CODE        2
                text58                         000119  000004  00011D       232       0  CODE        2
                text38                         00011D  000004  000121       23A       0  CODE        2
                text36                         000121  000004  000125       242       0  CODE        2
                text35                         000125  000005  00012A       24A       0  CODE        2
                text31                         00012A  000005  00012F       254       0  CODE        2
                text25                         00012F  000005  000134       25E       0  CODE        2
                text24                         000134  000005  000139       268       0  CODE        2
                text23                         000139  000005  00013E       272       0  CODE        2
                text22                         00013E  000005  000143       27C       0  CODE        2
                text21                         000143  000005  000148       286       0  CODE        2
                text20                         000148  000005  00014D       290       0  CODE        2
                text19                         00014D  000005  000152       29A       0  CODE        2
                text18                         000152  000005  000157       2A4       0  CODE        2
                text12                         000157  000005  00015C       2AE       0  CODE        2
                text34                         00015C  000006  000162       2B8       0  CODE        2
                text15                         000162  000006  000168       2C4       0  CODE        2
                clrtext                        000168  000006  00016E       2D0       0  CODE        2
                inittext                       00016E  000006  000174       2DC       0  CODE        2
                text26                         000174  000007  00017B       2E8       0  CODE        2
                text29                         00017B  000008  000183       2F6       0  CODE        2
                text30                         000183  000009  00018C       306       0  CODE        2
                text63                         00018C  00000A  000196       318       0  CODE        2
                text60                         000196  00000A  0001A0       32C       0  CODE        2
                text62                         0001A0  00000C  0001AC       340       0  CODE        2
                text47                         0001AC  00000D  0001B9       358       0  CODE        2
                text14                         0001B9  00000D  0001C6       372       0  CODE        2
                text59                         0001C6  00000E  0001D4       38C       0  CODE        2
                text11                         0001D4  00000E  0001E2       3A8       0  CODE        2
                idataBANK0                     0001E2  00000F  0001F1       3C4       0  CODE        2
                text49                         0001F1  000010  000201       3E2       0  CODE        2
                text46                         000201  000011  000212       402       0  CODE        2
                text43                         000212  000011  000223       424       0  CODE        2
                text42                         000223  000011  000234       446       0  CODE        2
                text41                         000234  000011  000245       468       0  CODE        2
                idataBANK1                     000245  000011  000256       48A       0  CODE        2
                text2                          000256  000012  000268       4AC       0  CODE        2
                text65                         000268  000013  00027B       4D0       0  CODE        2
                text57                         00027B  000016  000291       4F6       0  CODE        2
                text40                         000291  000018  0002A9       522       0  CODE        2
                text6                          0002A9  000018  0002C1       552       0  CODE        2
                text53                         0002C1  00001C  0002DD       582       0  CODE        2
                text13                         0002DD  00001E  0002FB       5BA       0  CODE        2
                text3                          0002FB  00001F  00031A       5F6       0  CODE        2
                text64                         00031A  000020  00033A       634       0  CODE        2
                text17                         00033A  000024  00035E       674       0  CODE        2
                text48                         00035E  000026  000384       6BC       0  CODE        2
                text32                         000384  000027  0003AB       708       0  CODE        2
                text7                          0003AB  000029  0003D4       756       0  CODE        2
                text16                         0003D4  00002B  0003FF       7A8       0  CODE        2
                text4                          0003FF  000034  000433       7FE       0  CODE        2
                text10                         000433  00003A  00046D       866       0  CODE        2
                text9                          00046D  00003A  0004A7       8DA       0  CODE        2
                text5                          0004A7  00003C  0004E3       94E       0  CODE        2
                text27                         0004E3  00003E  000521       9C6       0  CODE        2
                text8                          000521  00003F  000560       A42       0  CODE        2
                text61                         000560  000042  0005A2       AC0       0  CODE        2
                text28                         0005A2  000054  0005F6       B44       0  CODE        2
                maintext                       0005F6  00008A  000680       BEC       0  CODE        2
                text1                          000680  00015D  0007DD       D00       0  CODE        2
                cinit                          0007DD  000023  000800       FBA       0  CODE        2
                stringtext1                    000800  00006D  00086D      1000       0  STRCODE     2


UNUSED ADDRESS RANGES

        Name                Unused          Largest block    Delta
        BANK0            0005F-0006F              11           1
        BANK1            000B1-000EF              3F           1
        BANK10           00520-0056F              50           1
        BANK11           005A0-005EF              50           1
        BANK12           00620-0064F              30           1
        BANK13           006A0-006EF              50           1
        BANK14           00720-0076F              50           1
        BANK15           007A0-007EF              50           1
        BANK16           00820-0086F              50           1
        BANK17           008A0-008EF              50           1
        BANK18           00920-0096F              50           1
        BANK19           009A0-009EF              50           1
        BANK2            00120-0016F              50           1
        BANK20           00A20-00A6F              50           1
        BANK21           00AA0-00AEF              50           1
        BANK22           00B20-00B6F              50           1
        BANK23           00BA0-00BEF              50           1
        BANK24           00C20-00C6F              50           1
        BANK25           00CA0-00CBF              20           1
        BANK3            001A0-001EF              50           1
        BANK4            00220-0026F              50           1
        BANK5            002A0-002EF              50           1
        BANK6            00320-0036F              50           1
        BANK7            003A0-003EF              50           1
        BANK8            00420-0046F              50           1
        BANK9            004A0-004EF              50           1
        BIGRAM           02000-023EF             3F0           1
                         02410-027EF             3E0
        CODE             00004-000F9              F6           2
                         0086D-03FFF             800
        CONST            00004-000F9              F6           2
                         0086D-03FFF             100
        ENTRY            00004-000F9              F6           2
                         0086D-03FFF             100
        IDLOC            08000-08003               4           2
        RAM              0005F-0006F              11           1
                         000B1-000EF              3F
                         00120-0016F              50
                         001A0-001EF              50
                         00220-0026F              50
                         002A0-002EF              50
                         00320-0036F              50
                         003A0-003EF              50
                         00420-0046F              50
                         004A0-004EF              50
                         00520-0056F              50
                         005A0-005EF              50
                         00620-0064F              30
                         006A0-006EF              50
                         00720-0076F              50
                         007A0-007EF              50
                         00820-0086F              50
                         008A0-008EF              50
                         00920-0096F              50
                         009A0-009EF              50
                         00A20-00A6F              50
                         00AA0-00AEF              50
                         00B20-00B6F              50
                         00BA0-00BEF              50
                         00C20-00C6F              50
                         00CA0-00CBF              20
        SFR0             00000-0001F              20           1
        SFR1             00080-0009F              20           1
        SFR10            00500-0051F              20           1
        SFR11            00580-0059F              20           1
        SFR12            00600-0061F              20           1
        SFR13            00680-0069F              20           1
        SFR14            00700-0071F              20           1
        SFR15            00780-0079F              20           1
        SFR16            00800-0081F              20           1
        SFR17            00880-0089F              20           1
        SFR18            00900-0091F              20           1
        SFR19            00980-0099F              20           1
        SFR2             00100-0011F              20           1
        SFR20            00A00-00A1F              20           1
        SFR21            00A80-00A9F              20           1
        SFR22            00B00-00B1F              20           1
        SFR23            00B80-00B9F              20           1
        SFR24            00C00-00C1F              20           1
        SFR25            00C80-00C9F              20           1
        SFR26            00D00-00D6F              70           1
        SFR27            00D80-00DEF              70           1
        SFR28            00E00-00E6F              70           1
        SFR29            00E80-00EEF              70           1
        SFR3             00180-0019F              20           1
        SFR30            00F00-00F6F              70           1
        SFR31            00F80-00FEF              70           1
        SFR4             00200-0021F              20           1
        SFR5             00280-0029F              20           1
        SFR6             00300-0031F              20           1
        SFR7             00380-0039F              20           1
        SFR8             00400-0041F              20           1
        SFR9             00480-0049F              20           1
        STACK            02410-027EF             3E0           1
        STRCODE          00004-000F9              F6           2
                         0086D-03FFF            3793
        STRING           00004-000F9              F6           2
                         0086D-03FFF             100

                                  Symbol Table

?___lwdiv                             cstackCOMMON 00070
?___lwmod                             cstackCOMMON 00078
?___wmul                              cstackCOMMON 00070
?_sprintf                             cstackBANK0  0003D
I2C_Close@returnValue                 cstackCOMMON 00071
I2C_MasterOperation@read              cstackCOMMON 00078
I2C_MasterOperation@returnValue       cstackCOMMON 00079
I2C_MasterSendTxData@data             cstackCOMMON 00070
I2C_Open@address                      cstackCOMMON 00071
I2C_Open@returnValue                  cstackCOMMON 00072
I2C_SetBuffer@buffer                  cstackCOMMON 00073
I2C_SetBuffer@bufferSize              cstackCOMMON 00070
I2C_SetCallback@cb                    cstackCOMMON 00070
I2C_SetCallback@idx                   cstackCOMMON 00074
I2C_SetCallback@ptr                   cstackCOMMON 00072
I2C_SetDataCompleteCallback@cb        cstackCOMMON 00075
I2C_SetDataCompleteCallback@ptr       cstackCOMMON 00077
PWM1_LoadDutyValue@dutyValue          cstackCOMMON 00070
_ANSELA                               (abs)        0018C
_ANSELB                               (abs)        0018D
_ANSELC                               (abs)        0018E
_BORCON                               (abs)        0009D
_CCP1CON                              (abs)        00293
_CCP1CONbits                          (abs)        00293
_CCPR1H                               (abs)        00292
_CCPR1L                               (abs)        00291
_CCPTMRS1bits                         (abs)        0029E
_COG3ASD0                             (abs)        0081D
_COG3ASD0bits                         (abs)        0081D
_COG3ASD1                             (abs)        0081E
_COG3BLKF                             (abs)        00810
_COG3BLKR                             (abs)        0080F
_COG3CON0                             (abs)        00813
_COG3CON0bits                         (abs)        00813
_COG3CON1                             (abs)        00814
_COG3DBF                              (abs)        00812
_COG3DBR                              (abs)        00811
_COG3FIS0                             (abs)        00819
_COG3FIS1                             (abs)        0081A
_COG3FSIM0                            (abs)        0081B
_COG3FSIM1                            (abs)        0081C
_COG3PHF                              (abs)        0080E
_COG3PHR                              (abs)        0080D
_COG3RIS0                             (abs)        00815
_COG3RIS1                             (abs)        00816
_COG3RSIM0                            (abs)        00817
_COG3RSIM1                            (abs)        00818
_COG3STR                              (abs)        0081F
_COG3_Initialize                      text64       0031A
_Duty                                 dataBANK0    00050
_Flag                                 dataBANK0    00052
_I2C_CallbackReturnReset              text44       000FC
_I2C_CallbackReturnStop               text45       000FA
_I2C_Close                            text53       002C1
_I2C_DO_ADDRESS_NACK                  text17       0033A
_I2C_DO_IDLE                          text31       0012A
_I2C_DO_RCEN                          text26       00174
_I2C_DO_RESET                         text18       00152
_I2C_DO_RX                            text27       004E3
_I2C_DO_RX_ACK                        text21       00143
_I2C_DO_RX_NACK_RESTART               text19       0014D
_I2C_DO_RX_NACK_STOP                  text20       00148
_I2C_DO_SEND_ADR_READ                 text30       00183
_I2C_DO_SEND_ADR_WRITE                text29       0017B
_I2C_DO_SEND_RESTART                  text23       00139
_I2C_DO_SEND_RESTART_READ             text25       0012F
_I2C_DO_SEND_RESTART_WRITE            text24       00134
_I2C_DO_SEND_STOP                     text22       0013E
_I2C_DO_TX                            text28       005A2
_I2C_DO_TX$1219                       cstackCOMMON 00072
_I2C_DO_TX_EMPTY                      text32       00384
_I2C_Initialize                       text63       0018C
_I2C_MasterClearIrq                   text56       000FE
_I2C_MasterClose                      text55       00101
_I2C_MasterDisableIrq                 text54       00104
_I2C_MasterEnableRestart              text51       0010A
_I2C_MasterFsm                        text16       003D4
_I2C_MasterGetRxData                  text37       00113
_I2C_MasterIsNack                     text34       0015C
_I2C_MasterOpen                       text11       001D4
_I2C_MasterOperation                  text13       002DD
_I2C_MasterSendAck                    text36       00121
_I2C_MasterSendNack                   text38       0011D
_I2C_MasterSendTxData                 text35       00125
_I2C_MasterSetIrq                     text33       00116
_I2C_MasterStart                      text52       00107
_I2C_MasterStartRx                    text39       00110
_I2C_MasterStop                       text50       0010D
_I2C_MasterWaitForEvent               text15       00162
_I2C_MasterWrite                      text12       00157
_I2C_Open                             text10       00433
_I2C_Poller                           text14       001B9
_I2C_SetBuffer                        text49       001F1
_I2C_SetCallback                      text48       0035E
_I2C_SetDataCompleteCallback          text47       001AC
_I2C_Status                           bssBANK0     00020
_ICON                                 stringtext1  00800
_INLVLA                               (abs)        0038C
_INLVLB                               (abs)        0038D
_INLVLC                               (abs)        0038E
_LATA                                 (abs)        0010C
_LATB                                 (abs)        0010D
_LATBbits                             (abs)        0010D
_LATC                                 (abs)        0010E
_Msg1                                 dataBANK1    000A0
_Msg2                                 dataBANK0    00053
_ODCONA                               (abs)        0028C
_ODCONB                               (abs)        0028D
_ODCONC                               (abs)        0028E
_OPTION_REGbits                       (abs)        00097
_OSCCON                               (abs)        0009B
_OSCILLATOR_Initialize                text62       001A0
_OSCSTAT                              (abs)        0009C
_OSCTUNE                              (abs)        0009A
_PIE1bits                             (abs)        00091
_PIN_MANAGER_Initialize               text61       00560
_PIR1bits                             (abs)        00011
_PIR2bits                             (abs)        00012
_PLLR                                 (abs)        004E6
_PORTBbits                            (abs)        0000D
_PR2                                  (abs)        00494
_PWM1_Initialize                      text60       00196
_PWM1_LoadDutyValue                   text65       00268
_RA6PPS                               (abs)        00E96
_RA7PPS                               (abs)        00E97
_RC0PPS                               (abs)        00EA0
_RC1PPS                               (abs)        00EA1
_RC3PPS                               (abs)        00EA3
_RC4PPS                               (abs)        00EA4
_SLRCONA                              (abs)        0030C
_SLRCONB                              (abs)        0030D
_SLRCONC                              (abs)        0030E
_SSP1ADD                              (abs)        00212
_SSP1BUF                              (abs)        00211
_SSP1CON1                             (abs)        00215
_SSP1CON1bits                         (abs)        00215
_SSP1CON2                             (abs)        00216
_SSP1CON2bits                         (abs)        00216
_SSP1STAT                             (abs)        00214
_SSP1STATbits                         (abs)        00214
_SSPCLKPPS                            (abs)        00E3A
_SSPDATPPS                            (abs)        00E3B
_SYSTEM_Initialize                    text57       0027B
_T2CLKCON                             (abs)        00497
_T2CON                                (abs)        00495
_T2CONbits                            (abs)        00495
_T2HLT                                (abs)        00496
_T2HLTbits                            (abs)        00496
_T2PR                                 (abs)        00494
_T2RST                                (abs)        00498
_T2RSTbits                            (abs)        00498
_T2TMR                                (abs)        00493
_TMR2                                 (abs)        00493
_TMR2_Initialize                      text59       001C6
_TRISA                                (abs)        0008C
_TRISB                                (abs)        0008D
_TRISC                                (abs)        0008E
_TRISE                                (abs)        00090
_WDTCON                               (abs)        00099
_WDT_Initialize                       text58       00119
_WPUA                                 (abs)        0020C
_WPUB                                 (abs)        0020D
_WPUC                                 (abs)        0020E
_WPUE                                 (abs)        00210
__Habs1                               abs1         00000
__Hbank0                              bank0        00000
__Hbank1                              bank1        00000
__Hbank10                             bank10       00000
__Hbank11                             bank11       00000
__Hbank12                             bank12       00000
__Hbank13                             bank13       00000
__Hbank14                             bank14       00000
__Hbank15                             bank15       00000
__Hbank16                             bank16       00000
__Hbank17                             bank17       00000
__Hbank18                             bank18       00000
__Hbank19                             bank19       00000
__Hbank2                              bank2        00000
__Hbank20                             bank20       00000
__Hbank21                             bank21       00000
__Hbank22                             bank22       00000
__Hbank23                             bank23       00000
__Hbank24                             bank24       00000
__Hbank25                             bank25       00000
__Hbank26                             bank26       00000
__Hbank27                             bank27       00000
__Hbank28                             bank28       00000
__Hbank29                             bank29       00000
__Hbank3                              bank3        00000
__Hbank30                             bank30       00000
__Hbank31                             bank31       00000
__Hbank4                              bank4        00000
__Hbank5                              bank5        00000
__Hbank6                              bank6        00000
__Hbank7                              bank7        00000
__Hbank8                              bank8        00000
__Hbank9                              bank9        00000
__Hbigram                             bigram       00000
__HbssBANK0                           bssBANK0     00000
__Hcinit                              cinit        00800
__Hclrtext                            clrtext      00000
__Hcode                               code         00000
__Hcommon                             common       00000
__Hconfig                             config       08009
__HcstackBANK0                        cstackBANK0  00000
__HcstackCOMMON                       cstackCOMMON 00000
__HdataBANK0                          dataBANK0    00000
__HdataBANK1                          dataBANK1    00000
__Heeprom_data                        eeprom_data  00000
__Hend_init                           end_init     00004
__Hfunctab                            functab      00000
__HidataBANK0                         idataBANK0   00000
__HidataBANK1                         idataBANK1   00000
__Hinit                               init         00002
__Hinittext                           inittext     00000
__Hintentry                           intentry     00002
__Hmaintext                           maintext     00000
__Hpowerup                            powerup      00000
__Hram                                ram          00000
__Hreset_vec                          reset_vec    00002
__Hsfr0                               sfr0         00000
__Hsfr1                               sfr1         00000
__Hsfr10                              sfr10        00000
__Hsfr11                              sfr11        00000
__Hsfr12                              sfr12        00000
__Hsfr13                              sfr13        00000
__Hsfr14                              sfr14        00000
__Hsfr15                              sfr15        00000
__Hsfr16                              sfr16        00000
__Hsfr17                              sfr17        00000
__Hsfr18                              sfr18        00000
__Hsfr19                              sfr19        00000
__Hsfr2                               sfr2         00000
__Hsfr20                              sfr20        00000
__Hsfr21                              sfr21        00000
__Hsfr22                              sfr22        00000
__Hsfr23                              sfr23        00000
__Hsfr24                              sfr24        00000
__Hsfr25                              sfr25        00000
__Hsfr26                              sfr26        00000
__Hsfr27                              sfr27        00000
__Hsfr28                              sfr28        00000
__Hsfr29                              sfr29        00000
__Hsfr3                               sfr3         00000
__Hsfr30                              sfr30        00000
__Hsfr31                              sfr31        00000
__Hsfr4                               sfr4         00000
__Hsfr5                               sfr5         00000
__Hsfr6                               sfr6         00000
__Hsfr7                               sfr7         00000
__Hsfr8                               sfr8         00000
__Hsfr9                               sfr9         00000
__Hspace_0                            (abs)        0086D
__Hspace_1                            (abs)        000B1
__Hspace_2                            (abs)        00000
__Hspace_3                            (abs)        00000
__Hspace_4                            (abs)        10010
__Hstack                              stack        00000
__Hstrings                            strings      00000
__Hstringtext1                        stringtext1  00000
__Hstringtext2                        stringtext2  00000
__Hstringtext3                        stringtext3  00000
__Hstringtext4                        stringtext4  00000
__Htext                               text         00000
__Labs1                               abs1         00000
__Lbank0                              bank0        00000
__Lbank1                              bank1        00000
__Lbank10                             bank10       00000
__Lbank11                             bank11       00000
__Lbank12                             bank12       00000
__Lbank13                             bank13       00000
__Lbank14                             bank14       00000
__Lbank15                             bank15       00000
__Lbank16                             bank16       00000
__Lbank17                             bank17       00000
__Lbank18                             bank18       00000
__Lbank19                             bank19       00000
__Lbank2                              bank2        00000
__Lbank20                             bank20       00000
__Lbank21                             bank21       00000
__Lbank22                             bank22       00000
__Lbank23                             bank23       00000
__Lbank24                             bank24       00000
__Lbank25                             bank25       00000
__Lbank26                             bank26       00000
__Lbank27                             bank27       00000
__Lbank28                             bank28       00000
__Lbank29                             bank29       00000
__Lbank3                              bank3        00000
__Lbank30                             bank30       00000
__Lbank31                             bank31       00000
__Lbank4                              bank4        00000
__Lbank5                              bank5        00000
__Lbank6                              bank6        00000
__Lbank7                              bank7        00000
__Lbank8                              bank8        00000
__Lbank9                              bank9        00000
__Lbigram                             bigram       00000
__LbssBANK0                           bssBANK0     00000
__Lcinit                              cinit        007DD
__Lclrtext                            clrtext      00000
__Lcode                               code         00000
__Lcommon                             common       00000
__Lconfig                             config       00000
__LcstackBANK0                        cstackBANK0  00000
__LcstackCOMMON                       cstackCOMMON 00000
__LdataBANK0                          dataBANK0    00000
__LdataBANK1                          dataBANK1    00000
__Leeprom_data                        eeprom_data  00000
__Lend_init                           end_init     00002
__Lfunctab                            functab      00000
__LidataBANK0                         idataBANK0   00000
__LidataBANK1                         idataBANK1   00000
__Linit                               init         00002
__Linittext                           inittext     00000
__Lintentry                           intentry     00002
__Lmaintext                           maintext     00000
__Lpowerup                            powerup      00000
__Lram                                ram          00000
__Lreset_vec                          reset_vec    00000
__Lsfr0                               sfr0         00000
__Lsfr1                               sfr1         00000
__Lsfr10                              sfr10        00000
__Lsfr11                              sfr11        00000
__Lsfr12                              sfr12        00000
__Lsfr13                              sfr13        00000
__Lsfr14                              sfr14        00000
__Lsfr15                              sfr15        00000
__Lsfr16                              sfr16        00000
__Lsfr17                              sfr17        00000
__Lsfr18                              sfr18        00000
__Lsfr19                              sfr19        00000
__Lsfr2                               sfr2         00000
__Lsfr20                              sfr20        00000
__Lsfr21                              sfr21        00000
__Lsfr22                              sfr22        00000
__Lsfr23                              sfr23        00000
__Lsfr24                              sfr24        00000
__Lsfr25                              sfr25        00000
__Lsfr26                              sfr26        00000
__Lsfr27                              sfr27        00000
__Lsfr28                              sfr28        00000
__Lsfr29                              sfr29        00000
__Lsfr3                               sfr3         00000
__Lsfr30                              sfr30        00000
__Lsfr31                              sfr31        00000
__Lsfr4                               sfr4         00000
__Lsfr5                               sfr5         00000
__Lsfr6                               sfr6         00000
__Lsfr7                               sfr7         00000
__Lsfr8                               sfr8         00000
__Lsfr9                               sfr9         00000
__Lspace_0                            (abs)        00000
__Lspace_1                            (abs)        00000
__Lspace_2                            (abs)        00000
__Lspace_3                            (abs)        00000
__Lspace_4                            (abs)        00000
__Lstack                              stack        00000
__Lstrings                            strings      00000
__Lstringtext1                        stringtext1  00000
__Lstringtext2                        stringtext2  00000
__Lstringtext3                        stringtext3  00000
__Lstringtext4                        stringtext4  00000
__Ltext                               text         00000
__S0                                  (abs)        0086D
__S1                                  (abs)        000B1
__S2                                  (abs)        00000
___int_sp                             stack        00000
___latbits                            (abs)        00003
___lwdiv                              text5        004A7
___lwdiv@counter                      cstackCOMMON 00077
___lwdiv@dividend                     cstackCOMMON 00072
___lwdiv@divisor                      cstackCOMMON 00070
___lwdiv@quotient                     cstackCOMMON 00075
___lwmod                              text4        003FF
___lwmod@counter                      cstackCOMMON 0007D
___lwmod@dividend                     cstackCOMMON 0007A
___lwmod@divisor                      cstackCOMMON 00078
___sp                                 stack        00000
___stackhi                            (abs)        027EF
___stacklo                            (abs)        02410
___wmul                               text3        002FB
___wmul@multiplicand                  cstackCOMMON 00072
___wmul@multiplier                    cstackCOMMON 00070
___wmul@product                       cstackCOMMON 00074
__end_of_COG3_Initialize              text64       0033A
__end_of_I2C_CallbackReturnReset      text44       000FE
__end_of_I2C_CallbackReturnStop       text45       000FC
__end_of_I2C_Close                    text53       002DD
__end_of_I2C_DO_ADDRESS_NACK          text17       0035E
__end_of_I2C_DO_IDLE                  text31       0012F
__end_of_I2C_DO_RCEN                  text26       0017B
__end_of_I2C_DO_RESET                 text18       00157
__end_of_I2C_DO_RX                    text27       00521
__end_of_I2C_DO_RX_ACK                text21       00148
__end_of_I2C_DO_RX_NACK_RESTART       text19       00152
__end_of_I2C_DO_RX_NACK_STOP          text20       0014D
__end_of_I2C_DO_SEND_ADR_READ         text30       0018C
__end_of_I2C_DO_SEND_ADR_WRITE        text29       00183
__end_of_I2C_DO_SEND_RESTART          text23       0013E
__end_of_I2C_DO_SEND_RESTART_READ     text25       00134
__end_of_I2C_DO_SEND_RESTART_WRITE    text24       00139
__end_of_I2C_DO_SEND_STOP             text22       00143
__end_of_I2C_DO_TX                    text28       005F6
__end_of_I2C_DO_TX_EMPTY              text32       003AB
__end_of_I2C_Initialize               text63       00196
__end_of_I2C_MasterClearIrq           text56       00101
__end_of_I2C_MasterClose              text55       00104
__end_of_I2C_MasterDisableIrq         text54       00107
__end_of_I2C_MasterEnableRestart      text51       0010D
__end_of_I2C_MasterFsm                text16       003FF
__end_of_I2C_MasterGetRxData          text37       00116
__end_of_I2C_MasterIsNack             text34       00162
__end_of_I2C_MasterOpen               text11       001E2
__end_of_I2C_MasterOperation          text13       002FB
__end_of_I2C_MasterSendAck            text36       00125
__end_of_I2C_MasterSendNack           text38       00121
__end_of_I2C_MasterSendTxData         text35       0012A
__end_of_I2C_MasterSetIrq             text33       00119
__end_of_I2C_MasterStart              text52       0010A
__end_of_I2C_MasterStartRx            text39       00113
__end_of_I2C_MasterStop               text50       00110
__end_of_I2C_MasterWaitForEvent       text15       00168
__end_of_I2C_MasterWrite              text12       0015C
__end_of_I2C_Open                     text10       0046D
__end_of_I2C_Poller                   text14       001C6
__end_of_I2C_SetBuffer                text49       00201
__end_of_I2C_SetCallback              text48       00384
__end_of_I2C_SetDataCompleteCallback  text47       001B9
__end_of_ICON                         stringtext1  00838
__end_of_OSCILLATOR_Initialize        text62       001AC
__end_of_PIN_MANAGER_Initialize       text61       005A2
__end_of_PWM1_Initialize              text60       001A0
__end_of_PWM1_LoadDutyValue           text65       0027B
__end_of_SYSTEM_Initialize            text57       00291
__end_of_TMR2_Initialize              text59       001D4
__end_of_WDT_Initialize               text58       0011D
__end_of___lwdiv                      text5        004E3
__end_of___lwmod                      text4        00433
__end_of___wmul                       text3        0031A
__end_of__initialization              cinit        007FD
__end_of_dpowers                      stringtext3  00862
__end_of_i2c_fsmStateTable            stringtext2  00858
__end_of_isdigit                      text2        00268
__end_of_lcd_cmd                      text9        004A7
__end_of_lcd_data                     text7        003D4
__end_of_lcd_init                     text8        00560
__end_of_lcd_str                      text6        002C1
__end_of_main                         maintext     00680
__end_of_rd1RegCompleteHandler        text43       00223
__end_of_rd2RegCompleteHandler        text42       00234
__end_of_rdBlkRegCompleteHandler      text40       002A9
__end_of_sprintf                      text1        007DD
__end_of_wr1RegCompleteHandler        text41       00245
__end_of_wr2RegCompleteHandler        text46       00212
__initialization                      cinit        007DD
__pbssBANK0                           bssBANK0     00020
__pcstackBANK0                        cstackBANK0  0003D
__pcstackCOMMON                       cstackCOMMON 00070
__pdataBANK0                          dataBANK0    00050
__pdataBANK1                          dataBANK1    000A0
__pidataBANK0                         idataBANK0   001E2
__pidataBANK1                         idataBANK1   00245
__pmaintext                           maintext     005F6
__pstringtext1                        stringtext1  00800
__pstringtext2                        stringtext2  00838
__pstringtext3                        stringtext3  00858
__pstringtext4                        stringtext4  00000
__ptext1                              text1        00680
__ptext10                             text10       00433
__ptext11                             text11       001D4
__ptext12                             text12       00157
__ptext13                             text13       002DD
__ptext14                             text14       001B9
__ptext15                             text15       00162
__ptext16                             text16       003D4
__ptext17                             text17       0033A
__ptext18                             text18       00152
__ptext19                             text19       0014D
__ptext2                              text2        00256
__ptext20                             text20       00148
__ptext21                             text21       00143
__ptext22                             text22       0013E
__ptext23                             text23       00139
__ptext24                             text24       00134
__ptext25                             text25       0012F
__ptext26                             text26       00174
__ptext27                             text27       004E3
__ptext28                             text28       005A2
__ptext29                             text29       0017B
__ptext3                              text3        002FB
__ptext30                             text30       00183
__ptext31                             text31       0012A
__ptext32                             text32       00384
__ptext33                             text33       00116
__ptext34                             text34       0015C
__ptext35                             text35       00125
__ptext36                             text36       00121
__ptext37                             text37       00113
__ptext38                             text38       0011D
__ptext39                             text39       00110
__ptext4                              text4        003FF
__ptext40                             text40       00291
__ptext41                             text41       00234
__ptext42                             text42       00223
__ptext43                             text43       00212
__ptext44                             text44       000FC
__ptext45                             text45       000FA
__ptext46                             text46       00201
__ptext47                             text47       001AC
__ptext48                             text48       0035E
__ptext49                             text49       001F1
__ptext5                              text5        004A7
__ptext50                             text50       0010D
__ptext51                             text51       0010A
__ptext52                             text52       00107
__ptext53                             text53       002C1
__ptext54                             text54       00104
__ptext55                             text55       00101
__ptext56                             text56       000FE
__ptext57                             text57       0027B
__ptext58                             text58       00119
__ptext59                             text59       001C6
__ptext6                              text6        002A9
__ptext60                             text60       00196
__ptext61                             text61       00560
__ptext62                             text62       001A0
__ptext63                             text63       0018C
__ptext64                             text64       0031A
__ptext65                             text65       00268
__ptext7                              text7        003AB
__ptext8                              text8        00521
__ptext9                              text9        0046D
__size_of_COG3_Initialize             (abs)        00000
__size_of_I2C_CallbackReturnReset     (abs)        00000
__size_of_I2C_CallbackReturnStop      (abs)        00000
__size_of_I2C_Close                   (abs)        00000
__size_of_I2C_DO_ADDRESS_NACK         (abs)        00000
__size_of_I2C_DO_IDLE                 (abs)        00000
__size_of_I2C_DO_RCEN                 (abs)        00000
__size_of_I2C_DO_RESET                (abs)        00000
__size_of_I2C_DO_RX                   (abs)        00000
__size_of_I2C_DO_RX_ACK               (abs)        00000
__size_of_I2C_DO_RX_NACK_RESTART      (abs)        00000
__size_of_I2C_DO_RX_NACK_STOP         (abs)        00000
__size_of_I2C_DO_SEND_ADR_READ        (abs)        00000
__size_of_I2C_DO_SEND_ADR_WRITE       (abs)        00000
__size_of_I2C_DO_SEND_RESTART         (abs)        00000
__size_of_I2C_DO_SEND_RESTART_READ    (abs)        00000
__size_of_I2C_DO_SEND_RESTART_WRITE   (abs)        00000
__size_of_I2C_DO_SEND_STOP            (abs)        00000
__size_of_I2C_DO_TX                   (abs)        00000
__size_of_I2C_DO_TX_EMPTY             (abs)        00000
__size_of_I2C_Initialize              (abs)        00000
__size_of_I2C_MasterClearIrq          (abs)        00000
__size_of_I2C_MasterClose             (abs)        00000
__size_of_I2C_MasterDisableIrq        (abs)        00000
__size_of_I2C_MasterEnableRestart     (abs)        00000
__size_of_I2C_MasterFsm               (abs)        00000
__size_of_I2C_MasterGetRxData         (abs)        00000
__size_of_I2C_MasterIsNack            (abs)        00000
__size_of_I2C_MasterOpen              (abs)        00000
__size_of_I2C_MasterOperation         (abs)        00000
__size_of_I2C_MasterSendAck           (abs)        00000
__size_of_I2C_MasterSendNack          (abs)        00000
__size_of_I2C_MasterSendTxData        (abs)        00000
__size_of_I2C_MasterSetIrq            (abs)        00000
__size_of_I2C_MasterStart             (abs)        00000
__size_of_I2C_MasterStartRx           (abs)        00000
__size_of_I2C_MasterStop              (abs)        00000
__size_of_I2C_MasterWaitForEvent      (abs)        00000
__size_of_I2C_MasterWrite             (abs)        00000
__size_of_I2C_Open                    (abs)        00000
__size_of_I2C_Poller                  (abs)        00000
__size_of_I2C_SetBuffer               (abs)        00000
__size_of_I2C_SetCallback             (abs)        00000
__size_of_I2C_SetDataCompleteCallback (abs)        00000
__size_of_OSCILLATOR_Initialize       (abs)        00000
__size_of_PIN_MANAGER_Initialize      (abs)        00000
__size_of_PWM1_Initialize             (abs)        00000
__size_of_PWM1_LoadDutyValue          (abs)        00000
__size_of_SYSTEM_Initialize           (abs)        00000
__size_of_TMR2_Initialize             (abs)        00000
__size_of_WDT_Initialize              (abs)        00000
__size_of___lwdiv                     (abs)        00000
__size_of___lwmod                     (abs)        00000
__size_of___wmul                      (abs)        00000
__size_of_isdigit                     (abs)        00000
__size_of_lcd_cmd                     (abs)        00000
__size_of_lcd_data                    (abs)        00000
__size_of_lcd_init                    (abs)        00000
__size_of_lcd_str                     (abs)        00000
__size_of_main                        (abs)        00000
__size_of_rd1RegCompleteHandler       (abs)        00000
__size_of_rd2RegCompleteHandler       (abs)        00000
__size_of_rdBlkRegCompleteHandler     (abs)        00000
__size_of_sprintf                     (abs)        00000
__size_of_wr1RegCompleteHandler       (abs)        00000
__size_of_wr2RegCompleteHandler       (abs)        00000
_dpowers                              stringtext3  00858
_i2c_fsmStateTable                    stringtext2  00838
_isdigit                              text2        00256
_isdigit$1766                         cstackCOMMON 00070
_lcd_cmd                              text9        0046D
_lcd_data                             text7        003AB
_lcd_init                             text8        00521
_lcd_str                              text6        002A9
_main                                 maintext     005F6
_rd1RegCompleteHandler                text43       00212
_rd2RegCompleteHandler                text42       00223
_rdBlkRegCompleteHandler              text40       00291
_sprintf                              text1        00680
_wr1RegCompleteHandler                text41       00234
_wr2RegCompleteHandler                text46       00201
btemp                                 (abs)        0007E
clear_ram0                            clrtext      00168
end_of_initialization                 cinit        007FD
init_ram                              inittext     0016E
intlevel0                             functab      00000
intlevel1                             functab      00000
intlevel2                             functab      00000
intlevel3                             functab      00000
intlevel4                             functab      00000
intlevel5                             functab      00000
isdigit@c                             cstackCOMMON 00071
lcd_cmd@cmd                           cstackCOMMON 0007D
lcd_cmd@tbuf                          cstackCOMMON 0007B
lcd_data@data                         cstackCOMMON 0007B
lcd_data@tbuf                         cstackCOMMON 0007C
lcd_str@ptr                           cstackBANK0  0003E
rd1RegCompleteHandler@ptr             cstackCOMMON 00079
rd2RegCompleteHandler@ptr             cstackCOMMON 00079
rdBlkRegCompleteHandler@ptr           cstackCOMMON 00079
reset_vec                             reset_vec    00000
sprintf@ap                            cstackBANK0  00045
sprintf@c                             cstackBANK0  0004D
sprintf@f                             cstackBANK0  0003D
sprintf@flag                          cstackBANK0  00047
sprintf@prec                          cstackBANK0  00046
sprintf@sp                            cstackBANK0  0004C
sprintf@val                           cstackBANK0  00048
sprintf@width                         cstackBANK0  0004A
start                                 init         00002
start_initialization                  cinit        007DD
wr1RegCompleteHandler@ptr             cstackCOMMON 00079
wr2RegCompleteHandler@ptr             cstackCOMMON 00079
wtemp0                                (abs)        0007E


FUNCTION INFORMATION:

 *************** function _main *****************
 Defined at:
		line 56 in file "main.c"
 Parameters:    Size  Location     Type
		None
 Auto vars:     Size  Location     Type
		None
 Return value:  Size  Location     Type
                  1    wreg      void 
 Registers used:
		wreg, fsr0l, fsr0h, fsr1l, fsr1h, status,2, status,0, pclath, cstack
 Tracked objects:
		On entry : 
		On exit  : 
		Unchanged: 
 Data sizes:     COMMON   BANK0   BANK1   BANK2   BANK3   BANK4   BANK5   BANK6   BANK7   BANK8   BANK9  BANK10  BANK11  BANK12  BANK13  BANK14  BANK15  BANK16  BANK17  BANK18  BANK19  BANK20  BANK21  BANK22  BANK23  BANK24  BANK25
      Params:         0       0       0       0       0       0       0       0       0       0       0       0       0       0       0       0       0       0       0       0       0       0       0       0       0       0       0
      Locals:         0       0       0       0       0       0       0       0       0       0       0       0       0       0       0       0       0       0       0       0       0       0       0       0       0       0       0
      Temps:          0       2       0       0       0       0       0       0       0       0       0       0       0       0       0       0       0       0       0       0       0       0       0       0       0       0       0
      Totals:         0       2       0       0       0       0       0       0       0       0       0       0       0       0       0       0       0       0       0       0       0       0       0       0       0       0       0
Total ram usage:        2 bytes
 Hardware stack levels required when called:   10
 This function calls:
		_PWM1_LoadDutyValue
		_SYSTEM_Initialize
		_lcd_cmd
		_lcd_init
		_lcd_str
		_sprintf
 This function is called by:
		Startup code after reset
 This function uses a non-reentrant model


 *************** function _sprintf *****************
 Defined at:
		line 505 in file "C:\Program Files\Microchip\xc8\v2.20\pic\sources\c90\common\doprnt.c"
 Parameters:    Size  Location     Type
  sp              1    wreg     PTR unsigned char 
		 -> Msg2(12), 
  f               2    0[BANK0 ] PTR const unsigned char 
		 -> STR_1(11), 
 Auto vars:     Size  Location     Type
  sp              1   15[BANK0 ] PTR unsigned char 
		 -> Msg2(12), 
  tmpval          4    0        struct .
  width           2   13[BANK0 ] int 
  val             2   11[BANK0 ] unsigned int 
  cp              2    0        PTR const unsigned char 
  len             2    0        unsigned int 
  c               1   16[BANK0 ] unsigned char 
  flag            1   10[BANK0 ] unsigned char 
  prec            1    9[BANK0 ] char 
  ap              1    8[BANK0 ] PTR void [1]
		 -> ?_sprintf(2), 
 Return value:  Size  Location     Type
                  2    0[BANK0 ] int 
 Registers used:
		wreg, fsr0l, fsr0h, fsr1l, fsr1h, status,2, status,0, pclath, cstack
 Tracked objects:
		On entry : 
		On exit  : 
		Unchanged: 
 Data sizes:     COMMON   BANK0   BANK1   BANK2   BANK3   BANK4   BANK5   BANK6   BANK7   BANK8   BANK9  BANK10  BANK11  BANK12  BANK13  BANK14  BANK15  BANK16  BANK17  BANK18  BANK19  BANK20  BANK21  BANK22  BANK23  BANK24  BANK25
      Params:         0       4       0       0       0       0       0       0       0       0       0       0       0       0       0       0       0       0       0       0       0       0       0       0       0       0       0
      Locals:         0       9       0       0       0       0       0       0       0       0       0       0       0       0       0       0       0       0       0       0       0       0       0       0       0       0       0
      Temps:          0       4       0       0       0       0       0       0       0       0       0       0       0       0       0       0       0       0       0       0       0       0       0       0       0       0       0
      Totals:         0      17       0       0       0       0       0       0       0       0       0       0       0       0       0       0       0       0       0       0       0       0       0       0       0       0       0
Total ram usage:       17 bytes
 Hardware stack levels used:    1
 Hardware stack levels required when called:    1
 This function calls:
		___lwdiv
		___lwmod
		___wmul
		_isdigit
 This function is called by:
		_main
 This function uses a non-reentrant model


 *************** function _isdigit *****************
 Defined at:
		line 8 in file "C:\Program Files\Microchip\xc8\v2.20\pic\sources\c90\common\isdigit.c"
 Parameters:    Size  Location     Type
  c               1    wreg     unsigned char 
 Auto vars:     Size  Location     Type
  c               1    1[COMMON] unsigned char 
 Return value:  Size  Location     Type
		None               void
 Registers used:
		wreg, status,2, status,0
 Tracked objects:
		On entry : 
		On exit  : 
		Unchanged: 
 Data sizes:     COMMON   BANK0   BANK1   BANK2   BANK3   BANK4   BANK5   BANK6   BANK7   BANK8   BANK9  BANK10  BANK11  BANK12  BANK13  BANK14  BANK15  BANK16  BANK17  BANK18  BANK19  BANK20  BANK21  BANK22  BANK23  BANK24  BANK25
      Params:         0       0       0       0       0       0       0       0       0       0       0       0       0       0       0       0       0       0       0       0       0       0       0       0       0       0       0
      Locals:         2       0       0       0       0       0       0       0       0       0       0       0       0       0       0       0       0       0       0       0       0       0       0       0       0       0       0
      Temps:          0       0       0       0       0       0       0       0       0       0       0       0       0       0       0       0       0       0       0       0       0       0       0       0       0       0       0
      Totals:         2       0       0       0       0       0       0       0       0       0       0       0       0       0       0       0       0       0       0       0       0       0       0       0       0       0       0
Total ram usage:        2 bytes
 Hardware stack levels used:    1
 This function calls:
		Nothing
 This function is called by:
		_sprintf
 This function uses a non-reentrant model


 *************** function ___wmul *****************
 Defined at:
		line 15 in file "C:\Program Files\Microchip\xc8\v2.20\pic\sources\c90\common\Umul16.c"
 Parameters:    Size  Location     Type
  multiplier      2    0[COMMON] unsigned int 
  multiplicand    2    2[COMMON] unsigned int 
 Auto vars:     Size  Location     Type
  product         2    4[COMMON] unsigned int 
 Return value:  Size  Location     Type
                  2    0[COMMON] unsigned int 
 Registers used:
		wreg, status,2, status,0
 Tracked objects:
		On entry : 
		On exit  : 
		Unchanged: 
 Data sizes:     COMMON   BANK0   BANK1   BANK2   BANK3   BANK4   BANK5   BANK6   BANK7   BANK8   BANK9  BANK10  BANK11  BANK12  BANK13  BANK14  BANK15  BANK16  BANK17  BANK18  BANK19  BANK20  BANK21  BANK22  BANK23  BANK24  BANK25
      Params:         4       0       0       0       0       0       0       0       0       0       0       0       0       0       0       0       0       0       0       0       0       0       0       0       0       0       0
      Locals:         2       0       0       0       0       0       0       0       0       0       0       0       0       0       0       0       0       0       0       0       0       0       0       0       0       0       0
      Temps:          0       0       0       0       0       0       0       0       0       0       0       0       0       0       0       0       0       0       0       0       0       0       0       0       0       0       0
      Totals:         6       0       0       0       0       0       0       0       0       0       0       0       0       0       0       0       0       0       0       0       0       0       0       0       0       0       0
Total ram usage:        6 bytes
 Hardware stack levels used:    1
 This function calls:
		Nothing
 This function is called by:
		_sprintf
 This function uses a non-reentrant model


 *************** function ___lwmod *****************
 Defined at:
		line 5 in file "C:\Program Files\Microchip\xc8\v2.20\pic\sources\c90\common\lwmod.c"
 Parameters:    Size  Location     Type
  divisor         2    8[COMMON] unsigned int 
  dividend        2   10[COMMON] unsigned int 
 Auto vars:     Size  Location     Type
  counter         1   13[COMMON] unsigned char 
 Return value:  Size  Location     Type
                  2    8[COMMON] unsigned int 
 Registers used:
		wreg, status,2, status,0
 Tracked objects:
		On entry : 
		On exit  : 
		Unchanged: 
[...]
      Temps:          0       0       0       0       0       0       0       0       0       0       0       0       0       0       0       0       0       0       0       0       0       0       0       0       0       0       0
      Totals:         0       0       0       0       0       0       0       0       0       0       0       0       0       0       0       0       0       0       0       0       0       0       0       0       0       0       0
Total ram usage:        0 bytes
 Hardware stack levels used:    1
 Hardware stack levels required when called:    1
 This function calls:
		_COG3_Initialize
		_I2C_Initialize
		_OSCILLATOR_Initialize
		_PIN_MANAGER_Initialize
		_PWM1_Initialize
		_TMR2_Initialize
		_WDT_Initialize
 This function is called by:
		_main
 This function uses a non-reentrant model


 *************** function _WDT_Initialize *****************
 Defined at:
		line 78 in file "mcc_generated_files/mcc.c"
 Parameters:    Size  Location     Type
		None
 Auto vars:     Size  Location     Type
		None
 Return value:  Size  Location     Type
                  1    wreg      void 
 Registers used:
		wreg
 Tracked objects:
		On entry : 
		On exit  : 
		Unchanged: 
 Data sizes:     COMMON   BANK0   BANK1   BANK2   BANK3   BANK4   BANK5   BANK6   BANK7   BANK8   BANK9  BANK10  BANK11  BANK12  BANK13  BANK14  BANK15  BANK16  BANK17  BANK18  BANK19  BANK20  BANK21  BANK22  BANK23  BANK24  BANK25
      Params:         0       0       0       0       0       0       0       0       0       0       0       0       0       0       0       0       0       0       0       0       0       0       0       0       0       0       0
      Locals:         0       0       0       0       0       0       0       0       0       0       0       0       0       0       0       0       0       0       0       0       0       0       0       0       0       0       0
      Temps:          0       0       0       0       0       0       0       0       0       0       0       0       0       0       0       0       0       0       0       0       0       0       0       0       0       0       0
      Totals:         0       0       0       0       0       0       0       0       0       0       0       0       0       0       0       0       0       0       0       0       0       0       0       0       0       0       0
Total ram usage:        0 bytes
 Hardware stack levels used:    1
 This function calls:
		Nothing
 This function is called by:
		_SYSTEM_Initialize
 This function uses a non-reentrant model


 *************** function _TMR2_Initialize *****************
 Defined at:
		line 62 in file "mcc_generated_files/tmr2.c"
 Parameters:    Size  Location     Type
		None
 Auto vars:     Size  Location     Type
		None
 Return value:  Size  Location     Type
                  1    wreg      void 
 Registers used:
		wreg, status,2
 Tracked objects:
		On entry : 
		On exit  : 
		Unchanged: 
 Data sizes:     COMMON   BANK0   BANK1   BANK2   BANK3   BANK4   BANK5   BANK6   BANK7   BANK8   BANK9  BANK10  BANK11  BANK12  BANK13  BANK14  BANK15  BANK16  BANK17  BANK18  BANK19  BANK20  BANK21  BANK22  BANK23  BANK24  BANK25
      Params:         0       0       0       0       0       0       0       0       0       0       0       0       0       0       0       0       0       0       0       0       0       0       0       0       0       0       0
      Locals:         0       0       0       0       0       0       0       0       0       0       0       0       0       0       0       0       0       0       0       0       0       0       0       0       0       0       0
      Temps:          0       0       0       0       0       0       0       0       0       0       0       0       0       0       0       0       0       0       0       0       0       0       0       0       0       0       0
      Totals:         0       0       0       0       0       0       0       0       0       0       0       0       0       0       0       0       0       0       0       0       0       0       0       0       0       0       0
Total ram usage:        0 bytes
 Hardware stack levels used:    1
 This function calls:
		Nothing
 This function is called by:
		_SYSTEM_Initialize
 This function uses a non-reentrant model


 *************** function _PWM1_Initialize *****************
 Defined at:
		line 64 in file "mcc_generated_files/pwm1.c"
 Parameters:    Size  Location     Type
		None
 Auto vars:     Size  Location     Type
		None
 Return value:  Size  Location     Type
                  1    wreg      void 
 Registers used:
		wreg, status,2, status,0
 Tracked objects:
		On entry : 
		On exit  : 
		Unchanged: 
 Data sizes:     COMMON   BANK0   BANK1   BANK2   BANK3   BANK4   BANK5   BANK6   BANK7   BANK8   BANK9  BANK10  BANK11  BANK12  BANK13  BANK14  BANK15  BANK16  BANK17  BANK18  BANK19  BANK20  BANK21  BANK22  BANK23  BANK24  BANK25
      Params:         0       0       0       0       0       0       0       0       0       0       0       0       0       0       0       0       0       0       0       0       0       0       0       0       0       0       0
      Locals:         0       0       0       0       0       0       0       0       0       0       0       0       0       0       0       0       0       0       0       0       0       0       0       0       0       0       0
      Temps:          0       0       0       0       0       0       0       0       0       0       0       0       0       0       0       0       0       0       0       0       0       0       0       0       0       0       0
      Totals:         0       0       0       0       0       0       0       0       0       0       0       0       0       0       0       0       0       0       0       0       0       0       0       0       0       0       0
Total ram usage:        0 bytes
 Hardware stack levels used:    1
 This function calls:
		Nothing
 This function is called by:
		_SYSTEM_Initialize
 This function uses a non-reentrant model


 *************** function _PIN_MANAGER_Initialize *****************
 Defined at:
		line 55 in file "mcc_generated_files/pin_manager.c"
 Parameters:    Size  Location     Type
		None
 Auto vars:     Size  Location     Type
		None
 Return value:  Size  Location     Type
                  1    wreg      void 
 Registers used:
		wreg, status,2
 Tracked objects:
		On entry : 
		On exit  : 
		Unchanged: 
 Data sizes:     COMMON   BANK0   BANK1   BANK2   BANK3   BANK4   BANK5   BANK6   BANK7   BANK8   BANK9  BANK10  BANK11  BANK12  BANK13  BANK14  BANK15  BANK16  BANK17  BANK18  BANK19  BANK20  BANK21  BANK22  BANK23  BANK24  BANK25
      Params:         0       0       0       0       0       0       0       0       0       0       0       0       0       0       0       0       0       0       0       0       0       0       0       0       0       0       0
      Locals:         0       0       0       0       0       0       0       0       0       0       0       0       0       0       0       0       0       0       0       0       0       0       0       0       0       0       0
      Temps:          0       0       0       0       0       0       0       0       0       0       0       0       0       0       0       0       0       0       0       0       0       0       0       0       0       0       0
      Totals:         0       0       0       0       0       0       0       0       0       0       0       0       0       0       0       0       0       0       0       0       0       0       0       0       0       0       0
Total ram usage:        0 bytes
 Hardware stack levels used:    1
 This function calls:
		Nothing
 This function is called by:
		_SYSTEM_Initialize
 This function uses a non-reentrant model


 *************** function _OSCILLATOR_Initialize *****************
 Defined at:
		line 62 in file "mcc_generated_files/mcc.c"
 Parameters:    Size  Location     Type
		None
 Auto vars:     Size  Location     Type
		None
 Return value:  Size  Location     Type
                  1    wreg      void 
 Registers used:
		wreg, status,2
 Tracked objects:
		On entry : 
		On exit  : 
		Unchanged: 
 Data sizes:     COMMON   BANK0   BANK1   BANK2   BANK3   BANK4   BANK5   BANK6   BANK7   BANK8   BANK9  BANK10  BANK11  BANK12  BANK13  BANK14  BANK15  BANK16  BANK17  BANK18  BANK19  BANK20  BANK21  BANK22  BANK23  BANK24  BANK25
      Params:         0       0       0       0       0       0       0       0       0       0       0       0       0       0       0       0       0       0       0       0       0       0       0       0       0       0       0
      Locals:         0       0       0       0       0       0       0       0       0       0       0       0       0       0       0       0       0       0       0       0       0       0       0       0       0       0       0
      Temps:          0       0       0       0       0       0       0       0       0       0       0       0       0       0       0       0       0       0       0       0       0       0       0       0       0       0       0
      Totals:         0       0       0       0       0       0       0       0       0       0       0       0       0       0       0       0       0       0       0       0       0       0       0       0       0       0       0
Total ram usage:        0 bytes
 Hardware stack levels used:    1
 This function calls:
		Nothing
 This function is called by:
		_SYSTEM_Initialize
 This function uses a non-reentrant model


 *************** function _I2C_Initialize *****************
 Defined at:
		line 167 in file "mcc_generated_files/i2c_master.c"
 Parameters:    Size  Location     Type
		None
 Auto vars:     Size  Location     Type
		None
 Return value:  Size  Location     Type
                  1    wreg      void 
 Registers used:
		wreg, status,2
 Tracked objects:
		On entry : 
		On exit  : 
		Unchanged: 
 Data sizes:     COMMON   BANK0   BANK1   BANK2   BANK3   BANK4   BANK5   BANK6   BANK7   BANK8   BANK9  BANK10  BANK11  BANK12  BANK13  BANK14  BANK15  BANK16  BANK17  BANK18  BANK19  BANK20  BANK21  BANK22  BANK23  BANK24  BANK25
      Params:         0       0       0       0       0       0       0       0       0       0       0       0       0       0       0       0       0       0       0       0       0       0       0       0       0       0       0
      Locals:         0       0       0       0       0       0       0       0       0       0       0       0       0       0       0       0       0       0       0       0       0       0       0       0       0       0       0
      Temps:          0       0       0       0       0       0       0       0       0       0       0       0       0       0       0       0       0       0       0       0       0       0       0       0       0       0       0
      Totals:         0       0       0       0       0       0       0       0       0       0       0       0       0       0       0       0       0       0       0       0       0       0       0       0       0       0       0
Total ram usage:        0 bytes
 Hardware stack levels used:    1
 This function calls:
		Nothing
 This function is called by:
		_SYSTEM_Initialize
 This function uses a non-reentrant model


 *************** function _COG3_Initialize *****************
 Defined at:
		line 58 in file "mcc_generated_files/cog3.c"
 Parameters:    Size  Location     Type
		None
 Auto vars:     Size  Location     Type
		None
 Return value:  Size  Location     Type
                  1    wreg      void 
 Registers used:
		wreg, status,2
 Tracked objects:
		On entry : 
		On exit  : 
		Unchanged: 
 Data sizes:     COMMON   BANK0   BANK1   BANK2   BANK3   BANK4   BANK5   BANK6   BANK7   BANK8   BANK9  BANK10  BANK11  BANK12  BANK13  BANK14  BANK15  BANK16  BANK17  BANK18  BANK19  BANK20  BANK21  BANK22  BANK23  BANK24  BANK25
      Params:         0       0       0       0       0       0       0       0       0       0       0       0       0       0       0       0       0       0       0       0       0       0       0       0       0       0       0
      Locals:         0       0       0       0       0       0       0       0       0       0       0       0       0       0       0       0       0       0       0       0       0       0       0       0       0       0       0
      Temps:          0       0       0       0       0       0       0       0       0       0       0       0       0       0       0       0       0       0       0       0       0       0       0       0       0       0       0
      Totals:         0       0       0       0       0       0       0       0       0       0       0       0       0       0       0       0       0       0       0       0       0       0       0       0       0       0       0
Total ram usage:        0 bytes
 Hardware stack levels used:    1
 This function calls:
		Nothing
 This function is called by:
		_SYSTEM_Initialize
 This function uses a non-reentrant model


 *************** function _PWM1_LoadDutyValue *****************
 Defined at:
		line 82 in file "mcc_generated_files/pwm1.c"
 Parameters:    Size  Location     Type
  dutyValue       2    0[COMMON] unsigned int 
 Auto vars:     Size  Location     Type
		None
 Return value:  Size  Location     Type
                  1    wreg      void 
 Registers used:
		wreg, status,2
 Tracked objects:
		On entry : 
		On exit  : 
		Unchanged: 
 Data sizes:     COMMON   BANK0   BANK1   BANK2   BANK3   BANK4   BANK5   BANK6   BANK7   BANK8   BANK9  BANK10  BANK11  BANK12  BANK13  BANK14  BANK15  BANK16  BANK17  BANK18  BANK19  BANK20  BANK21  BANK22  BANK23  BANK24  BANK25
      Params:         2       0       0       0       0       0       0       0       0       0       0       0       0       0       0       0       0       0       0       0       0       0       0       0       0       0       0
      Locals:         0       0       0       0       0       0       0       0       0       0       0       0       0       0       0       0       0       0       0       0       0       0       0       0       0       0       0
      Temps:          0       0       0       0       0       0       0       0       0       0       0       0       0       0       0       0       0       0       0       0       0       0       0       0       0       0       0
      Totals:         2       0       0       0       0       0       0       0       0       0       0       0       0       0       0       0       0       0       0       0       0       0       0       0       0       0       0
Total ram usage:        2 bytes
 Hardware stack levels used:    1
 This function calls:
		Nothing
 This function is called by:
		_main
 This function uses a non-reentrant model



MODULE INFORMATION

Module		Function		Class		Link	Load	Size
mcc_generated_files/tmr2.c
		_TMR2_Initialize		CODE           	01C6	0000	15

mcc_generated_files/tmr2.c estimated size: 15

C:\Program Files\Microchip\xc8\v2.20\pic\sources\c90\common\isdigit.c
		_isdigit       		CODE           	0256	0000	19

C:\Program Files\Microchip\xc8\v2.20\pic\sources\c90\common\isdigit.c estimated size: 19

mcc_generated_files/examples/i2c_master_example.c
		_wr1RegCompleteHandler		CODE           	0234	0000	18
		_wr2RegCompleteHandler		CODE           	0201	0000	18
		_rdBlkRegCompleteHandler		CODE           	0291	0000	25
		_rd1RegCompleteHandler		CODE           	0212	0000	18
		_rd2RegCompleteHandler		CODE           	0223	0000	18

mcc_generated_files/examples/i2c_master_example.c estimated size: 97

mcc_generated_files/pin_manager.c
		_PIN_MANAGER_Initialize		CODE           	0560	0000	67

mcc_generated_files/pin_manager.c estimated size: 67

C:\Program Files\Microchip\xc8\v2.20\pic\sources\c90\common\lwmod.c
		___lwmod       		CODE           	03FF	0000	53

C:\Program Files\Microchip\xc8\v2.20\pic\sources\c90\common\lwmod.c estimated size: 53

lcd_lib.c
		_lcd_cmd       		CODE           	046D	0000	59
		_lcd_data      		CODE           	03AB	0000	42
		_lcd_str       		CODE           	02A9	0000	25
		_lcd_init      		CODE           	0521	0000	64

lcd_lib.c estimated size: 190

mcc_generated_files/cog3.c
		_COG3_Initialize		CODE           	031A	0000	33

mcc_generated_files/cog3.c estimated size: 33

C:\Program Files\Microchip\xc8\v2.20\pic\sources\c90\common\doprnt.c
		_sprintf       		CODE           	0680	0000	350

C:\Program Files\Microchip\xc8\v2.20\pic\sources\c90\common\doprnt.c estimated size: 350

shared
		_dpowers       		STRCODE        	0858	0000	11
		_ICON          		STRCODE        	0800	0000	57
		__initialization		CODE           	07DD	0000	33
		_i2c_fsmStateTable		STRCODE        	0838	0000	33

shared estimated size: 134

mcc_generated_files/mcc.c
		_WDT_Initialize		CODE           	0119	0000	5
		_OSCILLATOR_Initialize		CODE           	01A0	0000	13
		_SYSTEM_Initialize		CODE           	027B	0000	23

mcc_generated_files/mcc.c estimated size: 41

C:\Program Files\Microchip\xc8\v2.20\pic\sources\c90\common\Umul16.c
		___wmul        		CODE           	02FB	0000	32

C:\Program Files\Microchip\xc8\v2.20\pic\sources\c90\common\Umul16.c estimated size: 32

C:\Program Files\Microchip\xc8\v2.20\pic\sources\c90\common\lwdiv.c
		___lwdiv       		CODE           	04A7	0000	61

C:\Program Files\Microchip\xc8\v2.20\pic\sources\c90\common\lwdiv.c estimated size: 61

mcc_generated_files/pwm1.c
		_PWM1_Initialize		CODE           	0196	0000	11
		_PWM1_LoadDutyValue		CODE           	0268	0000	20

mcc_generated_files/pwm1.c estimated size: 31

mcc_generated_files/i2c_master.c
		_I2C_Close     		CODE           	02C1	0000	29
		_I2C_MasterStartRx		CODE           	0110	0000	4
		_I2C_DO_SEND_ADR_WRITE		CODE           	017B	0000	9
		_I2C_MasterWaitForEvent		CODE           	0162	0000	7
		_I2C_DO_SEND_STOP		CODE           	013E	0000	6
		_I2C_MasterSendNack		CODE           	011D	0000	5
		_I2C_MasterDisableIrq		CODE           	0104	0000	4
		_I2C_CallbackReturnStop		CODE           	00FA	0000	3
		_I2C_MasterOperation		CODE           	02DD	0000	31
		_I2C_DO_SEND_ADR_READ		CODE           	0183	0000	10
		_I2C_DO_RX_NACK_STOP		CODE           	0148	0000	6
		_I2C_DO_SEND_RESTART		CODE           	0139	0000	6
		_I2C_DO_RX     		CODE           	04E3	0000	63
		_I2C_DO_TX     		CODE           	05A2	0000	85
		_I2C_DO_IDLE   		CODE           	012A	0000	6
		_I2C_DO_RCEN   		CODE           	0174	0000	8
		_I2C_Poller    		CODE           	01B9	0000	14
		_I2C_DO_RESET  		CODE           	0152	0000	6
		_I2C_MasterClose		CODE           	0101	0000	4
		_I2C_MasterWrite		CODE           	0157	0000	6
		_I2C_DO_RX_ACK 		CODE           	0143	0000	6
		_I2C_MasterStart		CODE           	0107	0000	4
		_I2C_MasterClearIrq		CODE           	00FE	0000	4
		_I2C_MasterGetRxData		CODE           	0113	0000	4
		_I2C_SetCallback		CODE           	035E	0000	39
		_I2C_DO_ADDRESS_NACK		CODE           	033A	0000	37
		_I2C_MasterEnableRestart		CODE           	010A	0000	4
		_I2C_CallbackReturnReset		CODE           	00FC	0000	3
		_I2C_Open      		CODE           	0433	0000	59
		_I2C_DO_TX_EMPTY		CODE           	0384	0000	40
		_I2C_DO_SEND_RESTART_WRITE		CODE           	0134	0000	6
		_I2C_MasterIsNack		CODE           	015C	0000	7
		_I2C_SetDataCompleteCallback		CODE           	01AC	0000	14
		_I2C_DO_RX_NACK_RESTART		CODE           	014D	0000	6
		_I2C_MasterSendAck		CODE           	0121	0000	5
		_I2C_MasterFsm 		CODE           	03D4	0000	44
		_I2C_MasterSetIrq		CODE           	0116	0000	4
		_I2C_DO_SEND_RESTART_READ		CODE           	012F	0000	6
		_I2C_Initialize		CODE           	018C	0000	11
		_I2C_SetBuffer 		CODE           	01F1	0000	17
		_I2C_MasterOpen		CODE           	01D4	0000	15
		_I2C_MasterSendTxData		CODE           	0125	0000	6
		_I2C_MasterStop		CODE           	010D	0000	4

mcc_generated_files/i2c_master.c estimated size: 657

main.c
		_main          		CODE           	05F6	0000	139

main.c estimated size: 139

