Microchip MPLAB XC8 Compiler V2.20

Linker command line:

-W-3 --edf=C:\Program Files\Microchip\xc8\v2.20\pic\dat\en_msgs.txt -cn \
  -h+dist/default/production\DC_MOTOR_CTL.X.production.sym \
  --cmf=dist/default/production\DC_MOTOR_CTL.X.production.cmf -z -Q16F1778 \
  -oC:\Users\110186~1\AppData\Local\Temp\s7mk.2 --defsym=__MPLAB_BUILD=1 \
  -Mdist/default/production/DC_MOTOR_CTL.X.production.map -E1 \
  -ver=XC8 Compiler --acfsm=1493 -ASTACK=02410h-027EFh -pstack=STACK \
  -ACODE=00h-07FFhx8 -ASTRCODE=00h-03FFFh -ASTRING=00h-0FFhx64 \
  -ACONST=00h-0FFhx64 -AENTRY=00h-0FFhx64 -ACOMMON=070h-07Fh \
  -ABANK0=020h-06Fh -ABANK1=0A0h-0EFh -ABANK2=0120h-016Fh \
  -ABANK3=01A0h-01EFh -ABANK4=0220h-026Fh -ABANK5=02A0h-02EFh \
  -ABANK6=0320h-036Fh -ABANK7=03A0h-03EFh -ABANK8=0420h-046Fh \
  -ABANK9=04A0h-04EFh -ABANK10=0520h-056Fh -ABANK11=05A0h-05EFh \
  -ABANK12=0620h-064Fh -ABANK13=06A0h-06EFh -ABANK14=0720h-076Fh \
  -ABANK15=07A0h-07EFh -ABANK16=0820h-086Fh -ABANK17=08A0h-08EFh \
  -ABANK18=0920h-096Fh -ABANK19=09A0h-09EFh -ABANK20=0A20h-0A6Fh \
  -ABANK21=0AA0h-0AEFh -ABANK22=0B20h-0B6Fh -ABANK23=0BA0h-0BEFh \
  -ABANK24=0C20h-0C6Fh -ABANK25=0CA0h-0CBFh \
  -ABIGRAM=02000h-023EFh,02410h-027EFh \
  -ARAM=020h-06Fh,0A0h-0EFh,0120h-016Fh,01A0h-01EFh,0220h-026Fh,02A0h-02EFh,0320h-036Fh,03A0h-03EFh,0420h-046Fh,04A0h-04EFh,0520h-056Fh,05A0h-05EFh,0620h-064Fh,06A0h-06EFh,0720h-076Fh,07A0h-07EFh,0820h-086Fh,08A0h-08EFh,0920h-096Fh,09A0h-09EFh,0A20h-0A6Fh,0AA0h-0AEFh,0B20h-0B6Fh,0BA0h-0BEFh,0C20h-0C6Fh,0CA0h-0CBFh \
  -AABS1=020h-07Fh,0A0h-0EFh,0120h-016Fh,01A0h-01EFh,0220h-026Fh,02A0h-02EFh,0320h-036Fh,03A0h-03EFh,0420h-046Fh,04A0h-04EFh,0520h-056Fh,05A0h-05EFh,0620h-064Fh,06A0h-06EFh,0720h-076Fh,07A0h-07EFh,0820h-086Fh,08A0h-08EFh,0920h-096Fh,09A0h-09EFh,0A20h-0A6Fh,0AA0h-0AEFh,0B20h-0B6Fh,0BA0h-0BEFh,0C20h-0C6Fh,0CA0h-0CBFh \
  -ASFR0=00h-01Fh -ASFR1=080h-09Fh -ASFR2=0100h-011Fh -ASFR3=0180h-019Fh \
  -ASFR4=0200h-021Fh -ASFR5=0280h-029Fh -ASFR6=0300h-031Fh \
  -ASFR7=0380h-039Fh -ASFR8=0400h-041Fh -ASFR9=0480h-049Fh \
  -ASFR10=0500h-051Fh -ASFR11=0580h-059Fh -ASFR12=0600h-061Fh \
  -ASFR13=0680h-069Fh -ASFR14=0700h-071Fh -ASFR15=0780h-079Fh \
  -ASFR16=0800h-081Fh -ASFR17=0880h-089Fh -ASFR18=0900h-091Fh \
  -ASFR19=0980h-099Fh -ASFR20=0A00h-0A1Fh -ASFR21=0A80h-0A9Fh \
  -ASFR22=0B00h-0B1Fh -ASFR23=0B80h-0B9Fh -ASFR24=0C00h-0C1Fh \
  -ASFR25=0C80h-0C9Fh -ASFR26=0D00h-0D6Fh -ASFR27=0D80h-0DEFh \
  -ASFR28=0E00h-0E6Fh -ASFR29=0E80h-0EEFh -ASFR30=0F00h-0F6Fh \
  -ASFR31=0F80h-0FEFh -ACONFIG=08007h-08008h -DCONFIG=2 \
  -AIDLOC=08000h-08003h -DIDLOC=2 -preset_vec=00h,intentry,init,end_init \
  -ppowerup=CODE -pcinit=CODE -pfunctab=ENTRY -DCODE=2 -DSTRCODE=2 \
  -DSTRING=2 -DCONST=2 -DENTRY=2 -k \
  C:\Users\110186~1\AppData\Local\Temp\s7mk.o \
  dist/default/production\DC_MOTOR_CTL.X.production.o 

Object code version is 3.11

Machine type is 16F1778



                Name                               Link     Load   Length Selector   Space Scale
C:\Users\110186~1\AppData\Local\Temp\s7mk.o
                end_init                              2        2        2        0       0
                reset_vec                             0        0        2        0       0
                config                             8007     8007        2        0       4
dist/default/production\DC_MOTOR_CTL.X.production.o
                cinit                               7DD      7DD       23      FBA       0
                config                             8007     8007        2        0       4
                text65                              263      263       13      4C6       0
                text64                              316      316       20      62C       0
                text63                              187      187        A      30E       0
                text62                              19B      19B        C      336       0
                text61                              560      560       42      AC0       0
                text60                              191      191        A      322       0
                text59                              1C1      1C1        E      382       0
                text58                              114      114        4      228       0
                text57                              276      276       16      4EC       0
                text56                               F9       F9        3      1F2       0
                text55                               FC       FC        3      1F8       0
                text54                               FF       FF        3      1FE       0
                text53                              2BC      2BC       1C      578       0
                text52                              102      102        3      204       0
                text51                              105      105        3      20A       0
                text50                              108      108        3      210       0
                text49                              1EC      1EC       10      3D8       0
                text48                              35A      35A       26      6B4       0
                text47                              1A7      1A7        D      34E       0
                text46                              1FC      1FC       11      3F8       0
                text45                              20D      20D       11      41A       0
                text44                              21E      21E       11      43C       0
                text43                              22F      22F       11      45E       0
                text42                              28C      28C       18      518       0
                text41                               F5       F5        2      1EA       0
                text40                               F7       F7        2      1EE       0
                text39                              10B      10B        3      216       0
                text38                              118      118        4      230       0
                text37                              10E      10E        3      21C       0
                text36                              11C      11C        4      238       0
                text35                              120      120        5      240       0
                text34                              157      157        6      2AE       0
                text33                              111      111        3      222       0
                text32                              380      380       27      700       0
                text31                              125      125        5      24A       0
                text30                              17E      17E        9      2FC       0
                text29                              176      176        8      2EC       0
                text28                              5A2      5A2       54      B44       0
                text27                              4E3      4E3       3E      9C6       0
                text26                              16F      16F        7      2DE       0
                text25                              12A      12A        5      254       0
                text24                              12F      12F        5      25E       0
                text23                              134      134        5      268       0
                text22                              139      139        5      272       0
                text21                              13E      13E        5      27C       0
                text20                              143      143        5      286       0
                text19                              148      148        5      290       0
                text18                              14D      14D        5      29A       0
                text17                              336      336       24      66C       0
                text16                              3D1      3D1       2B      7A2       0
                text15                              15D      15D        6      2BA       0
                text14                              1B4      1B4        D      368       0
                text13                              2D8      2D8       1F      5B0       0
                text12                              152      152        5      2A4       0
                text11                              1CF      1CF        E      39E       0
                text10                              430      430       3A      860       0
                text9                               4A6      4A6       3D      94C       0
                text8                               521      521       3F      A42       0
                text7                               3A7      3A7       2A      74E       0
                text6                               2A4      2A4       18      548       0
                text5                               46A      46A       3C      8D4       0
                text4                               3FC      3FC       34      7F8       0
                text3                               2F7      2F7       1F      5EE       0
                text2                               251      251       12      4A2       0
                text1                               680      680      15D      D00       0
                maintext                            5F6      5F6       8A      BEC       0
                cstackBANK0                          3D       3D       13       20       1
                cstackCOMMON                         70       70        E       70       1
                clrtext                             163      163        6      2C6       0
                inittext                            169      169        6      2D2       0
                dataBANK1                            A0       A0       11       A0       1
                dataBANK0                            50       50        F       20       1
                bssBANK0                             20       20       1D       20       1
                stringtext3                         858      858       15     1000       0
                stringtext2                         838      838       20     1000       0
                stringtext1                         800      800       38     1000       0
                idataBANK1                          240      240       11      480       0
                idataBANK0                          1DD      1DD        F      3BA       0

TOTAL           Name                               Link     Load   Length     Space
        CLASS   STACK          

        CLASS   CODE           
                end_init                              2        2        2         0
                cinit                               7DD      7DD       23         0
                reset_vec                             0        0        2         0
                text65                              263      263       13         0
                text64                              316      316       20         0
                text63                              187      187        A         0
                text62                              19B      19B        C         0
                text61                              560      560       42         0
                text60                              191      191        A         0
                text59                              1C1      1C1        E         0
                text58                              114      114        4         0
                text57                              276      276       16         0
                text56                               F9       F9        3         0
                text55                               FC       FC        3         0
                text54                               FF       FF        3         0
                text53                              2BC      2BC       1C         0
                text52                              102      102        3         0
                text51                              105      105        3         0
                text50                              108      108        3         0
                text49                              1EC      1EC       10         0
                text48                              35A      35A       26         0
                text47                              1A7      1A7        D         0
                text46                              1FC      1FC       11         0
                text45                              20D      20D       11         0
                text44                              21E      21E       11         0
                text43                              22F      22F       11         0
                text42                              28C      28C       18         0
                text41                               F5       F5        2         0
                text40                               F7       F7        2         0
                text39                              10B      10B        3         0
                text38                              118      118        4         0
                text37                              10E      10E        3         0
                text36                              11C      11C        4         0
                text35                              120      120        5         0
                text34                              157      157        6         0
                text33                              111      111        3         0
                text32                              380      380       27         0
                text31                              125      125        5         0
                text30                              17E      17E        9         0
                text29                              176      176        8         0
                text28                              5A2      5A2       54         0
                text27                              4E3      4E3       3E         0
                text26                              16F      16F        7         0
                text25                              12A      12A        5         0
                text24                              12F      12F        5         0
                text23                              134      134        5         0
                text22                              139      139        5         0
                text21                              13E      13E        5         0
                text20                              143      143        5         0
                text19                              148      148        5         0
                text18                              14D      14D        5         0
                text17                              336      336       24         0
                text16                              3D1      3D1       2B         0
                text15                              15D      15D        6         0
                text14                              1B4      1B4        D         0
                text13                              2D8      2D8       1F         0
                text12                              152      152        5         0
                text11                              1CF      1CF        E         0
                text10                              430      430       3A         0
                text9                               4A6      4A6       3D         0
                text8                               521      521       3F         0
                text7                               3A7      3A7       2A         0
                text6                               2A4      2A4       18         0
                text5                               46A      46A       3C         0
                text4                               3FC      3FC       34         0
                text3                               2F7      2F7       1F         0
                text2                               251      251       12         0
                text1                               680      680      15D         0
                maintext                            5F6      5F6       8A         0
                clrtext                             163      163        6         0
                inittext                            169      169        6         0
                idataBANK1                          240      240       11         0
                idataBANK0                          1DD      1DD        F         0

        CLASS   STRCODE        
                stringtext3                         858      858       15         0
                stringtext2                         838      838       20         0
                stringtext1                         800      800       38         0

        CLASS   STRING         

        CLASS   CONST          

        CLASS   ENTRY          

        CLASS   COMMON         
                cstackCOMMON                         70       70        E         1

        CLASS   BANK0          
                cstackBANK0                          3D       3D       13         1
                dataBANK0                            50       50        F         1
                bssBANK0                             20       20       1D         1

        CLASS   BANK1          
                dataBANK1                            A0       A0       11         1

        CLASS   BANK2          

        CLASS   BANK3          

        CLASS   BANK4          

        CLASS   BANK5          

        CLASS   BANK6          

        CLASS   BANK7          

        CLASS   BANK8          

        CLASS   BANK9          

        CLASS   BANK10         

        CLASS   BANK11         

        CLASS   BANK12         

        CLASS   BANK13         

        CLASS   BANK14         

        CLASS   BANK15         

        CLASS   BANK16         

        CLASS   BANK17         

        CLASS   BANK18         

        CLASS   BANK19         

        CLASS   BANK20         

        CLASS   BANK21         

        CLASS   BANK22         

        CLASS   BANK23         

        CLASS   BANK24         

        CLASS   BANK25         

        CLASS   BIGRAM         

        CLASS   RAM            

        CLASS   ABS1           
                abs_s1                               7E       7E        2         1

        CLASS   SFR0           

        CLASS   SFR1           

        CLASS   SFR2           

        CLASS   SFR3           

        CLASS   SFR4           

        CLASS   SFR5           

        CLASS   SFR6           

        CLASS   SFR7           

        CLASS   SFR8           

        CLASS   SFR9           

        CLASS   SFR10          

        CLASS   SFR11          

        CLASS   SFR12          

        CLASS   SFR13          

        CLASS   SFR14          

        CLASS   SFR15          

        CLASS   SFR16          

        CLASS   SFR17          

        CLASS   SFR18          

        CLASS   SFR19          

        CLASS   SFR20          

        CLASS   SFR21          

        CLASS   SFR22          

        CLASS   SFR23          

        CLASS   SFR24          

        CLASS   SFR25          

        CLASS   SFR26          

        CLASS   SFR27          

        CLASS   SFR28          

        CLASS   SFR29          

        CLASS   SFR30          

        CLASS   SFR31          

        CLASS   CONFIG         
                config                             8007     8007        2         4

        CLASS   IDLOC          

        CLASS   BANK31         

        CLASS   BANK30         

        CLASS   BANK29         

        CLASS   BANK28         

        CLASS   BANK27         

        CLASS   BANK26         

        CLASS   EEDATA         



SEGMENTS        Name                           Load    Length   Top    Selector   Space  Class     Delta

                reset_vec                      000000  000004  000004         0       0  CODE        2
                bssBANK0                       000020  00003F  00005F        20       1  BANK0       1
                cstackCOMMON                   000070  00000E  00007E        70       1  COMMON      1
                dataBANK1                      0000A0  000011  0000B1        A0       1  BANK1       1
                text41                         0000F5  000002  0000F7       1EA       0  CODE        2
                text40                         0000F7  000002  0000F9       1EE       0  CODE        2
                text56                         0000F9  000003  0000FC       1F2       0  CODE        2
                text55                         0000FC  000003  0000FF       1F8       0  CODE        2
                text54                         0000FF  000003  000102       1FE       0  CODE        2
                text52                         000102  000003  000105       204       0  CODE        2
                text51                         000105  000003  000108       20A       0  CODE        2
                text50                         000108  000003  00010B       210       0  CODE        2
                text39                         00010B  000003  00010E       216       0  CODE        2
                text37                         00010E  000003  000111       21C       0  CODE        2
                text33                         000111  000003  000114       222       0  CODE        2
                text58                         000114  000004  000118       228       0  CODE        2
                text38                         000118  000004  00011C       230       0  CODE        2
                text36                         00011C  000004  000120       238       0  CODE        2
                text35                         000120  000005  000125       240       0  CODE        2
                text31                         000125  000005  00012A       24A       0  CODE        2
                text25                         00012A  000005  00012F       254       0  CODE        2
                text24                         00012F  000005  000134       25E       0  CODE        2
                text23                         000134  000005  000139       268       0  CODE        2
                text22                         000139  000005  00013E       272       0  CODE        2
                text21                         00013E  000005  000143       27C       0  CODE        2
                text20                         000143  000005  000148       286       0  CODE        2
                text19                         000148  000005  00014D       290       0  CODE        2
                text18                         00014D  000005  000152       29A       0  CODE        2
                text12                         000152  000005  000157       2A4       0  CODE        2
                text34                         000157  000006  00015D       2AE       0  CODE        2
                text15                         00015D  000006  000163       2BA       0  CODE        2
                clrtext                        000163  000006  000169       2C6       0  CODE        2
                inittext                       000169  000006  00016F       2D2       0  CODE        2
                text26                         00016F  000007  000176       2DE       0  CODE        2
                text29                         000176  000008  00017E       2EC       0  CODE        2
                text30                         00017E  000009  000187       2FC       0  CODE        2
                text63                         000187  00000A  000191       30E       0  CODE        2
                text60                         000191  00000A  00019B       322       0  CODE        2
                text62                         00019B  00000C  0001A7       336       0  CODE        2
                text47                         0001A7  00000D  0001B4       34E       0  CODE        2
                text14                         0001B4  00000D  0001C1       368       0  CODE        2
                text59                         0001C1  00000E  0001CF       382       0  CODE        2
                text11                         0001CF  00000E  0001DD       39E       0  CODE        2
                idataBANK0                     0001DD  00000F  0001EC       3BA       0  CODE        2
                text49                         0001EC  000010  0001FC       3D8       0  CODE        2
                text46                         0001FC  000011  00020D       3F8       0  CODE        2
                text45                         00020D  000011  00021E       41A       0  CODE        2
                text44                         00021E  000011  00022F       43C       0  CODE        2
                text43                         00022F  000011  000240       45E       0  CODE        2
                idataBANK1                     000240  000011  000251       480       0  CODE        2
                text2                          000251  000012  000263       4A2       0  CODE        2
                text65                         000263  000013  000276       4C6       0  CODE        2
                text57                         000276  000016  00028C       4EC       0  CODE        2
                text42                         00028C  000018  0002A4       518       0  CODE        2
                text6                          0002A4  000018  0002BC       548       0  CODE        2
                text53                         0002BC  00001C  0002D8       578       0  CODE        2
                text13                         0002D8  00001F  0002F7       5B0       0  CODE        2
                text3                          0002F7  00001F  000316       5EE       0  CODE        2
                text64                         000316  000020  000336       62C       0  CODE        2
                text17                         000336  000024  00035A       66C       0  CODE        2
                text48                         00035A  000026  000380       6B4       0  CODE        2
                text32                         000380  000027  0003A7       700       0  CODE        2
                text7                          0003A7  00002A  0003D1       74E       0  CODE        2
                text16                         0003D1  00002B  0003FC       7A2       0  CODE        2
                text4                          0003FC  000034  000430       7F8       0  CODE        2
                text10                         000430  00003A  00046A       860       0  CODE        2
                text5                          00046A  00003C  0004A6       8D4       0  CODE        2
                text9                          0004A6  00003D  0004E3       94C       0  CODE        2
                text27                         0004E3  00003E  000521       9C6       0  CODE        2
                text8                          000521  00003F  000560       A42       0  CODE        2
                text61                         000560  000042  0005A2       AC0       0  CODE        2
                text28                         0005A2  000054  0005F6       B44       0  CODE        2
                maintext                       0005F6  00008A  000680       BEC       0  CODE        2
                text1                          000680  00015D  0007DD       D00       0  CODE        2
                cinit                          0007DD  000023  000800       FBA       0  CODE        2
                stringtext1                    000800  00006D  00086D      1000       0  STRCODE     2


UNUSED ADDRESS RANGES

        Name                Unused          Largest block    Delta
        BANK0            0005F-0006F              11           1
        BANK1            000B1-000EF              3F           1
        BANK10           00520-0056F              50           1
        BANK11           005A0-005EF              50           1
        BANK12           00620-0064F              30           1
        BANK13           006A0-006EF              50           1
        BANK14           00720-0076F              50           1
        BANK15           007A0-007EF              50           1
        BANK16           00820-0086F              50           1
        BANK17           008A0-008EF              50           1
        BANK18           00920-0096F              50           1
        BANK19           009A0-009EF              50           1
        BANK2            00120-0016F              50           1
        BANK20           00A20-00A6F              50           1
        BANK21           00AA0-00AEF              50           1
        BANK22           00B20-00B6F              50           1
        BANK23           00BA0-00BEF              50           1
        BANK24           00C20-00C6F              50           1
        BANK25           00CA0-00CBF              20           1
        BANK3            001A0-001EF              50           1
        BANK4            00220-0026F              50           1
        BANK5            002A0-002EF              50           1
        BANK6            00320-0036F              50           1
        BANK7            003A0-003EF              50           1
        BANK8            00420-0046F              50           1
        BANK9            004A0-004EF              50           1
        BIGRAM           02000-023EF             3F0           1
                         02410-027EF             3E0
        CODE             00004-000F4              F1           2
                         0086D-03FFF             800
        CONST            00004-000F4              F1           2
                         0086D-03FFF             100
        ENTRY            00004-000F4              F1           2
                         0086D-03FFF             100
        IDLOC            08000-08003               4           2
        RAM              0005F-0006F              11           1
                         000B1-000EF              3F
                         00120-0016F              50
                         001A0-001EF              50
                         00220-0026F              50
                         002A0-002EF              50
                         00320-0036F              50
                         003A0-003EF              50
                         00420-0046F              50
                         004A0-004EF              50
                         00520-0056F              50
                         005A0-005EF              50
                         00620-0064F              30
                         006A0-006EF              50
                         00720-0076F              50
                         007A0-007EF              50
                         00820-0086F              50
                         008A0-008EF              50
                         00920-0096F              50
                         009A0-009EF              50
                         00A20-00A6F              50
                         00AA0-00AEF              50
                         00B20-00B6F              50
                         00BA0-00BEF              50
                         00C20-00C6F              50
                         00CA0-00CBF              20
        SFR0             00000-0001F              20           1
        SFR1             00080-0009F              20           1
        SFR10            00500-0051F              20           1
        SFR11            00580-0059F              20           1
        SFR12            00600-0061F              20           1
        SFR13            00680-0069F              20           1
        SFR14            00700-0071F              20           1
        SFR15            00780-0079F              20           1
        SFR16            00800-0081F              20           1
        SFR17            00880-0089F              20           1
        SFR18            00900-0091F              20           1
        SFR19            00980-0099F              20           1
        SFR2             00100-0011F              20           1
        SFR20            00A00-00A1F              20           1
        SFR21            00A80-00A9F              20           1
        SFR22            00B00-00B1F              20           1
        SFR23            00B80-00B9F              20           1
        SFR24            00C00-00C1F              20           1
        SFR25            00C80-00C9F              20           1
        SFR26            00D00-00D6F              70           1
        SFR27            00D80-00DEF              70           1
        SFR28            00E00-00E6F              70           1
        SFR29            00E80-00EEF              70           1
        SFR3             00180-0019F              20           1
        SFR30            00F00-00F6F              70           1
        SFR31            00F80-00FEF              70           1
        SFR4             00200-0021F              20           1
        SFR5             00280-0029F              20           1
        SFR6             00300-0031F              20           1
        SFR7             00380-0039F              20           1
        SFR8             00400-0041F              20           1
        SFR9             00480-0049F              20           1
        STACK            02410-027EF             3E0           1
        STRCODE          00004-000F4              F1           2
                         0086D-03FFF            3793
        STRING           00004-000F4              F1           2
                         0086D-03FFF             100

                                  Symbol Table

?___lwdiv                             cstackCOMMON 00070
?___lwmod                             cstackCOMMON 00078
?___wmul                              cstackCOMMON 00070
?_sprintf                             cstackBANK0  0003D
I2C_CallbackReturnReset@funPtr        cstackCOMMON 00079
I2C_Close@returnValue                 cstackCOMMON 00071
I2C_MasterOperation@read              cstackBANK0  00040
I2C_MasterOperation@returnValue       cstackBANK0  00041
I2C_MasterSendTxData@data             cstackCOMMON 00070
I2C_Open@address                      cstackCOMMON 00071
I2C_Open@returnValue                  cstackCOMMON 00072
I2C_SetBuffer@buffer                  cstackCOMMON 00073
I2C_SetBuffer@bufferSize              cstackCOMMON 00070
I2C_SetCallback@cb                    cstackCOMMON 00070
I2C_SetCallback@idx                   cstackCOMMON 00074
I2C_SetCallback@ptr                   cstackCOMMON 00072
I2C_SetDataCompleteCallback@cb        cstackCOMMON 00075
I2C_SetDataCompleteCallback@ptr       cstackCOMMON 00077
PWM1_LoadDutyValue@dutyValue          cstackCOMMON 00070
_ANSELA                               (abs)        0018C
_ANSELB                               (abs)        0018D
_ANSELC                               (abs)        0018E
_BORCON                               (abs)        0009D
_CCP1CON                              (abs)        00293
_CCP1CONbits                          (abs)        00293
_CCPR1H                               (abs)        00292
_CCPR1L                               (abs)        00291
_CCPTMRS1bits                         (abs)        0029E
_COG3ASD0                             (abs)        0081D
_COG3ASD0bits                         (abs)        0081D
_COG3ASD1                             (abs)        0081E
_COG3BLKF                             (abs)        00810
_COG3BLKR                             (abs)        0080F
_COG3CON0                             (abs)        00813
_COG3CON0bits                         (abs)        00813
_COG3CON1                             (abs)        00814
_COG3DBF                              (abs)        00812
_COG3DBR                              (abs)        00811
_COG3FIS0                             (abs)        00819
_COG3FIS1                             (abs)        0081A
_COG3FSIM0                            (abs)        0081B
_COG3FSIM1                            (abs)        0081C
_COG3PHF                              (abs)        0080E
_COG3PHR                              (abs)        0080D
_COG3RIS0                             (abs)        00815
_COG3RIS1                             (abs)        00816
_COG3RSIM0                            (abs)        00817
_COG3RSIM1                            (abs)        00818
_COG3STR                              (abs)        0081F
_COG3_Initialize                      text64       00316
_Duty                                 dataBANK0    00050
_Flag                                 dataBANK0    00052
_I2C_CallbackReturnReset              text40       000F7
_I2C_CallbackReturnStop               text41       000F5
_I2C_Close                            text53       002BC
_I2C_DO_ADDRESS_NACK                  text17       00336
_I2C_DO_IDLE                          text31       00125
_I2C_DO_RCEN                          text26       0016F
_I2C_DO_RESET                         text18       0014D
_I2C_DO_RX                            text27       004E3
_I2C_DO_RX_ACK                        text21       0013E
_I2C_DO_RX_NACK_RESTART               text19       00148
_I2C_DO_RX_NACK_STOP                  text20       00143
_I2C_DO_SEND_ADR_READ                 text30       0017E
_I2C_DO_SEND_ADR_WRITE                text29       00176
_I2C_DO_SEND_RESTART                  text23       00134
_I2C_DO_SEND_RESTART_READ             text25       0012A
_I2C_DO_SEND_RESTART_WRITE            text24       0012F
_I2C_DO_SEND_STOP                     text22       00139
_I2C_DO_TX                            text28       005A2
_I2C_DO_TX$1178                       cstackCOMMON 0007B
_I2C_DO_TX_EMPTY                      text32       00380
_I2C_Initialize                       text63       00187
_I2C_MasterClearIrq                   text56       000F9
_I2C_MasterClose                      text55       000FC
_I2C_MasterDisableIrq                 text54       000FF
_I2C_MasterEnableRestart              text51       00105
_I2C_MasterFsm                        text16       003D1
_I2C_MasterGetRxData                  text37       0010E
_I2C_MasterIsNack                     text34       00157
_I2C_MasterOpen                       text11       001CF
_I2C_MasterOperation                  text13       002D8
_I2C_MasterSendAck                    text36       0011C
_I2C_MasterSendNack                   text38       00118
_I2C_MasterSendTxData                 text35       00120
_I2C_MasterSetIrq                     text33       00111
_I2C_MasterStart                      text52       00102
_I2C_MasterStartRx                    text39       0010B
_I2C_MasterStop                       text50       00108
_I2C_MasterWaitForEvent               text15       0015D
_I2C_MasterWrite                      text12       00152
_I2C_Open                             text10       00430
_I2C_Poller                           text14       001B4
_I2C_SetBuffer                        text49       001EC
_I2C_SetCallback                      text48       0035A
_I2C_SetDataCompleteCallback          text47       001A7
_I2C_Status                           bssBANK0     00020
_ICON                                 stringtext1  00800
_INLVLA                               (abs)        0038C
_INLVLB                               (abs)        0038D
_INLVLC                               (abs)        0038E
_LATA                                 (abs)        0010C
_LATB                                 (abs)        0010D
_LATBbits                             (abs)        0010D
_LATC                                 (abs)        0010E
_Msg1                                 dataBANK1    000A0
_Msg2                                 dataBANK0    00053
_ODCONA                               (abs)        0028C
_ODCONB                               (abs)        0028D
_ODCONC                               (abs)        0028E
_OPTION_REGbits                       (abs)        00097
_OSCCON                               (abs)        0009B
_OSCILLATOR_Initialize                text62       0019B
_OSCSTAT                              (abs)        0009C
_OSCTUNE                              (abs)        0009A
_PIE1bits                             (abs)        00091
_PIN_MANAGER_Initialize               text61       00560
_PIR1bits                             (abs)        00011
_PIR2bits                             (abs)        00012
_PLLR                                 (abs)        004E6
_PORTBbits                            (abs)        0000D
_PR2                                  (abs)        00494
_PWM1_Initialize                      text60       00191
_PWM1_LoadDutyValue                   text65       00263
_RA6PPS                               (abs)        00E96
_RA7PPS                               (abs)        00E97
_RC0PPS                               (abs)        00EA0
_RC1PPS                               (abs)        00EA1
_RC3PPS                               (abs)        00EA3
_RC4PPS                               (abs)        00EA4
_SLRCONA                              (abs)        0030C
_SLRCONB                              (abs)        0030D
_SLRCONC                              (abs)        0030E
_SSP1ADD                              (abs)        00212
_SSP1BUF                              (abs)        00211
_SSP1CON1                             (abs)        00215
_SSP1CON1bits                         (abs)        00215
_SSP1CON2                             (abs)        00216
_SSP1CON2bits                         (abs)        00216
_SSP1STAT                             (abs)        00214
_SSP1STATbits                         (abs)        00214
_SSPCLKPPS                            (abs)        00E3A
_SSPDATPPS                            (abs)        00E3B
_SYSTEM_Initialize                    text57       00276
_T2CLKCON                             (abs)        00497
_T2CON                                (abs)        00495
_T2CONbits                            (abs)        00495
_T2HLT                                (abs)        00496
_T2HLTbits                            (abs)        00496
_T2PR                                 (abs)        00494
_T2RST                                (abs)        00498
_T2RSTbits                            (abs)        00498
_T2TMR                                (abs)        00493
_TMR2                                 (abs)        00493
_TMR2_Initialize                      text59       001C1
_TRISA                                (abs)        0008C
_TRISB                                (abs)        0008D
_TRISC                                (abs)        0008E
_TRISE                                (abs)        00090
_WDTCON                               (abs)        00099
_WDT_Initialize                       text58       00114
_WPUA                                 (abs)        0020C
_WPUB                                 (abs)        0020D
_WPUC                                 (abs)        0020E
_WPUE                                 (abs)        00210
__Habs1                               abs1         00000
__Hbank0                              bank0        00000
__Hbank1                              bank1        00000
__Hbank10                             bank10       00000
__Hbank11                             bank11       00000
__Hbank12                             bank12       00000
__Hbank13                             bank13       00000
__Hbank14                             bank14       00000
__Hbank15                             bank15       00000
__Hbank16                             bank16       00000
__Hbank17                             bank17       00000
__Hbank18                             bank18       00000
__Hbank19                             bank19       00000
__Hbank2                              bank2        00000
__Hbank20                             bank20       00000
__Hbank21                             bank21       00000
__Hbank22                             bank22       00000
__Hbank23                             bank23       00000
__Hbank24                             bank24       00000
__Hbank25                             bank25       00000
__Hbank26                             bank26       00000
__Hbank27                             bank27       00000
__Hbank28                             bank28       00000
__Hbank29                             bank29       00000
__Hbank3                              bank3        00000
__Hbank30                             bank30       00000
__Hbank31                             bank31       00000
__Hbank4                              bank4        00000
__Hbank5                              bank5        00000
__Hbank6                              bank6        00000
__Hbank7                              bank7        00000
__Hbank8                              bank8        00000
__Hbank9                              bank9        00000
__Hbigram                             bigram       00000
__HbssBANK0                           bssBANK0     00000
__Hcinit                              cinit        00800
__Hclrtext                            clrtext      00000
__Hcode                               code         00000
__Hcommon                             common       00000
__Hconfig                             config       08009
__HcstackBANK0                        cstackBANK0  00000
__HcstackCOMMON                       cstackCOMMON 00000
__HdataBANK0                          dataBANK0    00000
__HdataBANK1                          dataBANK1    00000
__Heeprom_data                        eeprom_data  00000
__Hend_init                           end_init     00004
__Hfunctab                            functab      00000
__HidataBANK0                         idataBANK0   00000
__HidataBANK1                         idataBANK1   00000
__Hinit                               init         00002
__Hinittext                           inittext     00000
__Hintentry                           intentry     00002
__Hmaintext                           maintext     00000
__Hpowerup                            powerup      00000
__Hram                                ram          00000
__Hreset_vec                          reset_vec    00002
__Hsfr0                               sfr0         00000
__Hsfr1                               sfr1         00000
__Hsfr10                              sfr10        00000
__Hsfr11                              sfr11        00000
__Hsfr12                              sfr12        00000
__Hsfr13                              sfr13        00000
__Hsfr14                              sfr14        00000
__Hsfr15                              sfr15        00000
__Hsfr16                              sfr16        00000
__Hsfr17                              sfr17        00000
__Hsfr18                              sfr18        00000
__Hsfr19                              sfr19        00000
__Hsfr2                               sfr2         00000
__Hsfr20                              sfr20        00000
__Hsfr21                              sfr21        00000
__Hsfr22                              sfr22        00000
__Hsfr23                              sfr23        00000
__Hsfr24                              sfr24        00000
__Hsfr25                              sfr25        00000
__Hsfr26                              sfr26        00000
__Hsfr27                              sfr27        00000
__Hsfr28                              sfr28        00000
__Hsfr29                              sfr29        00000
__Hsfr3                               sfr3         00000
__Hsfr30                              sfr30        00000
__Hsfr31                              sfr31        00000
__Hsfr4                               sfr4         00000
__Hsfr5                               sfr5         00000
__Hsfr6                               sfr6         00000
__Hsfr7                               sfr7         00000
__Hsfr8                               sfr8         00000
__Hsfr9                               sfr9         00000
__Hspace_0                            (abs)        0086D
__Hspace_1                            (abs)        000B1
__Hspace_2                            (abs)        00000
__Hspace_3                            (abs)        00000
__Hspace_4                            (abs)        10010
__Hstack                              stack        00000
__Hstrings                            strings      00000
__Hstringtext1                        stringtext1  00000
__Hstringtext2                        stringtext2  00000
__Hstringtext3                        stringtext3  00000
__Hstringtext4                        stringtext4  00000
__Htext                               text         00000
__Labs1                               abs1         00000
__Lbank0                              bank0        00000
__Lbank1                              bank1        00000
__Lbank10                             bank10       00000
__Lbank11                             bank11       00000
__Lbank12                             bank12       00000
__Lbank13                             bank13       00000
__Lbank14                             bank14       00000
__Lbank15                             bank15       00000
__Lbank16                             bank16       00000
__Lbank17                             bank17       00000
__Lbank18                             bank18       00000
__Lbank19                             bank19       00000
__Lbank2                              bank2        00000
__Lbank20                             bank20       00000
__Lbank21                             bank21       00000
__Lbank22                             bank22       00000
__Lbank23                             bank23       00000
__Lbank24                             bank24       00000
__Lbank25                             bank25       00000
__Lbank26                             bank26       00000
__Lbank27                             bank27       00000
__Lbank28                             bank28       00000
__Lbank29                             bank29       00000
__Lbank3                              bank3        00000
__Lbank30                             bank30       00000
__Lbank31                             bank31       00000
__Lbank4                              bank4        00000
__Lbank5                              bank5        00000
__Lbank6                              bank6        00000
__Lbank7                              bank7        00000
__Lbank8                              bank8        00000
__Lbank9                              bank9        00000
__Lbigram                             bigram       00000
__LbssBANK0                           bssBANK0     00000
__Lcinit                              cinit        007DD
__Lclrtext                            clrtext      00000
__Lcode                               code         00000
__Lcommon                             common       00000
__Lconfig                             config       00000
__LcstackBANK0                        cstackBANK0  00000
__LcstackCOMMON                       cstackCOMMON 00000
__LdataBANK0                          dataBANK0    00000
__LdataBANK1                          dataBANK1    00000
__Leeprom_data                        eeprom_data  00000
__Lend_init                           end_init     00002
__Lfunctab                            functab      00000
__LidataBANK0                         idataBANK0   00000
__LidataBANK1                         idataBANK1   00000
__Linit                               init         00002
__Linittext                           inittext     00000
__Lintentry                           intentry     00002
__Lmaintext                           maintext     00000
__Lpowerup                            powerup      00000
__Lram                                ram          00000
__Lreset_vec                          reset_vec    00000
__Lsfr0                               sfr0         00000
__Lsfr1                               sfr1         00000
__Lsfr10                              sfr10        00000
__Lsfr11                              sfr11        00000
__Lsfr12                              sfr12        00000
__Lsfr13                              sfr13        00000
__Lsfr14                              sfr14        00000
__Lsfr15                              sfr15        00000
__Lsfr16                              sfr16        00000
__Lsfr17                              sfr17        00000
__Lsfr18                              sfr18        00000
__Lsfr19                              sfr19        00000
__Lsfr2                               sfr2         00000
__Lsfr20                              sfr20        00000
__Lsfr21                              sfr21        00000
__Lsfr22                              sfr22        00000
__Lsfr23                              sfr23        00000
__Lsfr24                              sfr24        00000
__Lsfr25                              sfr25        00000
__Lsfr26                              sfr26        00000
__Lsfr27                              sfr27        00000
__Lsfr28                              sfr28        00000
__Lsfr29                              sfr29        00000
__Lsfr3                               sfr3         00000
__Lsfr30                              sfr30        00000
__Lsfr31                              sfr31        00000
__Lsfr4                               sfr4         00000
__Lsfr5                               sfr5         00000
__Lsfr6                               sfr6         00000
__Lsfr7                               sfr7         00000
__Lsfr8                               sfr8         00000
__Lsfr9                               sfr9         00000
__Lspace_0                            (abs)        00000
__Lspace_1                            (abs)        00000
__Lspace_2                            (abs)        00000
__Lspace_3                            (abs)        00000
__Lspace_4                            (abs)        00000
__Lstack                              stack        00000
__Lstrings                            strings      00000
__Lstringtext1                        stringtext1  00000
__Lstringtext2                        stringtext2  00000
__Lstringtext3                        stringtext3  00000
__Lstringtext4                        stringtext4  00000
__Ltext                               text         00000
__S0                                  (abs)        0086D
__S1                                  (abs)        000B1
__S2                                  (abs)        00000
___int_sp                             stack        00000
___latbits                            (abs)        00003
___lwdiv                              text5        0046A
___lwdiv@counter                      cstackCOMMON 00077
___lwdiv@dividend                     cstackCOMMON 00072
___lwdiv@divisor                      cstackCOMMON 00070
___lwdiv@quotient                     cstackCOMMON 00075
___lwmod                              text4        003FC
___lwmod@counter                      cstackCOMMON 0007D
___lwmod@dividend                     cstackCOMMON 0007A
___lwmod@divisor                      cstackCOMMON 00078
___sp                                 stack        00000
___stackhi                            (abs)        027EF
___stacklo                            (abs)        02410
___wmul                               text3        002F7
___wmul@multiplicand                  cstackCOMMON 00072
___wmul@multiplier                    cstackCOMMON 00070
___wmul@product                       cstackCOMMON 00074
__end_of_COG3_Initialize              text64       00336
__end_of_I2C_CallbackReturnReset      text40       000F9
__end_of_I2C_CallbackReturnStop       text41       000F7
__end_of_I2C_Close                    text53       002D8
__end_of_I2C_DO_ADDRESS_NACK          text17       0035A
__end_of_I2C_DO_IDLE                  text31       0012A
__end_of_I2C_DO_RCEN                  text26       00176
__end_of_I2C_DO_RESET                 text18       00152
__end_of_I2C_DO_RX                    text27       00521
__end_of_I2C_DO_RX_ACK                text21       00143
__end_of_I2C_DO_RX_NACK_RESTART       text19       0014D
__end_of_I2C_DO_RX_NACK_STOP          text20       00148
__end_of_I2C_DO_SEND_ADR_READ         text30       00187
__end_of_I2C_DO_SEND_ADR_WRITE        text29       0017E
__end_of_I2C_DO_SEND_RESTART          text23       00139
__end_of_I2C_DO_SEND_RESTART_READ     text25       0012F
__end_of_I2C_DO_SEND_RESTART_WRITE    text24       00134
__end_of_I2C_DO_SEND_STOP             text22       0013E
__end_of_I2C_DO_TX                    text28       005F6
__end_of_I2C_DO_TX_EMPTY              text32       003A7
__end_of_I2C_Initialize               text63       00191
__end_of_I2C_MasterClearIrq           text56       000FC
__end_of_I2C_MasterClose              text55       000FF
__end_of_I2C_MasterDisableIrq         text54       00102
__end_of_I2C_MasterEnableRestart      text51       00108
__end_of_I2C_MasterFsm                text16       003FC
__end_of_I2C_MasterGetRxData          text37       00111
__end_of_I2C_MasterIsNack             text34       0015D
__end_of_I2C_MasterOpen               text11       001DD
__end_of_I2C_MasterOperation          text13       002F7
__end_of_I2C_MasterSendAck            text36       00120
__end_of_I2C_MasterSendNack           text38       0011C
__end_of_I2C_MasterSendTxData         text35       00125
__end_of_I2C_MasterSetIrq             text33       00114
__end_of_I2C_MasterStart              text52       00105
__end_of_I2C_MasterStartRx            text39       0010E
__end_of_I2C_MasterStop               text50       0010B
__end_of_I2C_MasterWaitForEvent       text15       00163
__end_of_I2C_MasterWrite              text12       00157
__end_of_I2C_Open                     text10       0046A
__end_of_I2C_Poller                   text14       001C1
__end_of_I2C_SetBuffer                text49       001FC
__end_of_I2C_SetCallback              text48       00380
__end_of_I2C_SetDataCompleteCallback  text47       001B4
__end_of_ICON                         stringtext1  00838
__end_of_OSCILLATOR_Initialize        text62       001A7
__end_of_PIN_MANAGER_Initialize       text61       005A2
__end_of_PWM1_Initialize              text60       0019B
__end_of_PWM1_LoadDutyValue           text65       00276
__end_of_SYSTEM_Initialize            text57       0028C
__end_of_TMR2_Initialize              text59       001CF
__end_of_WDT_Initialize               text58       00118
__end_of___lwdiv                      text5        004A6
__end_of___lwmod                      text4        00430
__end_of___wmul                       text3        00316
__end_of__initialization              cinit        007FD
__end_of_dpowers                      stringtext3  00862
__end_of_i2c_fsmStateTable            stringtext2  00858
__end_of_isdigit                      text2        00263
__end_of_lcd_cmd                      text9        004E3
__end_of_lcd_data                     text7        003D1
__end_of_lcd_init                     text8        00560
__end_of_lcd_str                      text6        002BC
__end_of_main                         maintext     00680
__end_of_rd1RegCompleteHandler        text45       0021E
__end_of_rd2RegCompleteHandler        text44       0022F
__end_of_rdBlkRegCompleteHandler      text42       002A4
__end_of_sprintf                      text1        007DD
__end_of_wr1RegCompleteHandler        text43       00240
__end_of_wr2RegCompleteHandler        text46       0020D
__initialization                      cinit        007DD
__pbssBANK0                           bssBANK0     00020
__pcstackBANK0                        cstackBANK0  0003D
__pcstackCOMMON                       cstackCOMMON 00070
__pdataBANK0                          dataBANK0    00050
__pdataBANK1                          dataBANK1    000A0
__pidataBANK0                         idataBANK0   001DD
__pidataBANK1                         idataBANK1   00240
__pmaintext                           maintext     005F6
__pstringtext1                        stringtext1  00800
__pstringtext2                        stringtext2  00838
__pstringtext3                        stringtext3  00858
__pstringtext4                        stringtext4  00000
__ptext1                              text1        00680
__ptext10                             text10       00430
__ptext11                             text11       001CF
__ptext12                             text12       00152
__ptext13                             text13       002D8
__ptext14                             text14       001B4
__ptext15                             text15       0015D
__ptext16                             text16       003D1
__ptext17                             text17       00336
__ptext18                             text18       0014D
__ptext19                             text19       00148
__ptext2                              text2        00251
__ptext20                             text20       00143
__ptext21                             text21       0013E
__ptext22                             text22       00139
__ptext23                             text23       00134
__ptext24                             text24       0012F
__ptext25                             text25       0012A
__ptext26                             text26       0016F
__ptext27                             text27       004E3
__ptext28                             text28       005A2
__ptext29                             text29       00176
__ptext3                              text3        002F7
__ptext30                             text30       0017E
__ptext31                             text31       00125
__ptext32                             text32       00380
__ptext33                             text33       00111
__ptext34                             text34       00157
__ptext35                             text35       00120
__ptext36                             text36       0011C
__ptext37                             text37       0010E
__ptext38                             text38       00118
__ptext39                             text39       0010B
__ptext4                              text4        003FC
__ptext40                             text40       000F7
__ptext41                             text41       000F5
__ptext42                             text42       0028C
__ptext43                             text43       0022F
__ptext44                             text44       0021E
__ptext45                             text45       0020D
__ptext46                             text46       001FC
__ptext47                             text47       001A7
__ptext48                             text48       0035A
__ptext49                             text49       001EC
__ptext5                              text5        0046A
__ptext50                             text50       00108
__ptext51                             text51       00105
__ptext52                             text52       00102
__ptext53                             text53       002BC
__ptext54                             text54       000FF
__ptext55                             text55       000FC
__ptext56                             text56       000F9
__ptext57                             text57       00276
__ptext58                             text58       00114
__ptext59                             text59       001C1
__ptext6                              text6        002A4
__ptext60                             text60       00191
__ptext61                             text61       00560
__ptext62                             text62       0019B
__ptext63                             text63       00187
__ptext64                             text64       00316
__ptext65                             text65       00263
__ptext7                              text7        003A7
__ptext8                              text8        00521
__ptext9                              text9        004A6
__size_of_COG3_Initialize             (abs)        00000
__size_of_I2C_CallbackReturnReset     (abs)        00000
__size_of_I2C_CallbackReturnStop      (abs)        00000
__size_of_I2C_Close                   (abs)        00000
__size_of_I2C_DO_ADDRESS_NACK         (abs)        00000
__size_of_I2C_DO_IDLE                 (abs)        00000
__size_of_I2C_DO_RCEN                 (abs)        00000
__size_of_I2C_DO_RESET                (abs)        00000
__size_of_I2C_DO_RX                   (abs)        00000
__size_of_I2C_DO_RX_ACK               (abs)        00000
__size_of_I2C_DO_RX_NACK_RESTART      (abs)        00000
__size_of_I2C_DO_RX_NACK_STOP         (abs)        00000
__size_of_I2C_DO_SEND_ADR_READ        (abs)        00000
__size_of_I2C_DO_SEND_ADR_WRITE       (abs)        00000
__size_of_I2C_DO_SEND_RESTART         (abs)        00000
__size_of_I2C_DO_SEND_RESTART_READ    (abs)        00000
__size_of_I2C_DO_SEND_RESTART_WRITE   (abs)        00000
__size_of_I2C_DO_SEND_STOP            (abs)        00000
__size_of_I2C_DO_TX                   (abs)        00000
__size_of_I2C_DO_TX_EMPTY             (abs)        00000
__size_of_I2C_Initialize              (abs)        00000
__size_of_I2C_MasterClearIrq          (abs)        00000
__size_of_I2C_MasterClose             (abs)        00000
__size_of_I2C_MasterDisableIrq        (abs)        00000
__size_of_I2C_MasterEnableRestart     (abs)        00000
__size_of_I2C_MasterFsm               (abs)        00000
__size_of_I2C_MasterGetRxData         (abs)        00000
__size_of_I2C_MasterIsNack            (abs)        00000
__size_of_I2C_MasterOpen              (abs)        00000
__size_of_I2C_MasterOperation         (abs)        00000
__size_of_I2C_MasterSendAck           (abs)        00000
__size_of_I2C_MasterSendNack          (abs)        00000
__size_of_I2C_MasterSendTxData        (abs)        00000
__size_of_I2C_MasterSetIrq            (abs)        00000
__size_of_I2C_MasterStart             (abs)        00000
__size_of_I2C_MasterStartRx           (abs)        00000
__size_of_I2C_MasterStop              (abs)        00000
__size_of_I2C_MasterWaitForEvent      (abs)        00000
__size_of_I2C_MasterWrite             (abs)        00000
__size_of_I2C_Open                    (abs)        00000
__size_of_I2C_Poller                  (abs)        00000
__size_of_I2C_SetBuffer               (abs)        00000
__size_of_I2C_SetCallback             (abs)        00000
__size_of_I2C_SetDataCompleteCallback (abs)        00000
__size_of_OSCILLATOR_Initialize       (abs)        00000
__size_of_PIN_MANAGER_Initialize      (abs)        00000
__size_of_PWM1_Initialize             (abs)        00000
__size_of_PWM1_LoadDutyValue          (abs)        00000
__size_of_SYSTEM_Initialize           (abs)        00000
__size_of_TMR2_Initialize             (abs)        00000
__size_of_WDT_Initialize              (abs)        00000
__size_of___lwdiv                     (abs)        00000
__size_of___lwmod                     (abs)        00000
__size_of___wmul                      (abs)        00000
__size_of_isdigit                     (abs)        00000
__size_of_lcd_cmd                     (abs)        00000
__size_of_lcd_data                    (abs)        00000
__size_of_lcd_init                    (abs)        00000
__size_of_lcd_str                     (abs)        00000
__size_of_main                        (abs)        00000
__size_of_rd1RegCompleteHandler       (abs)        00000
__size_of_rd2RegCompleteHandler       (abs)        00000
__size_of_rdBlkRegCompleteHandler     (abs)        00000
__size_of_sprintf                     (abs)        00000
__size_of_wr1RegCompleteHandler       (abs)        00000
__size_of_wr2RegCompleteHandler       (abs)        00000
_dpowers                              stringtext3  00858
_i2c_fsmStateTable                    stringtext2  00838
_isdigit                              text2        00251
_isdigit$1787                         cstackCOMMON 00070
_lcd_cmd                              text9        004A6
_lcd_data                             text7        003A7
_lcd_init                             text8        00521
_lcd_str                              text6        002A4
_main                                 maintext     005F6
_rd1RegCompleteHandler                text45       0020D
_rd2RegCompleteHandler                text44       0021E
_rdBlkRegCompleteHandler              text42       0028C
_sprintf                              text1        00680
_wr1RegCompleteHandler                text43       0022F
_wr2RegCompleteHandler                text46       001FC
btemp                                 (abs)        0007E
clear_ram0                            clrtext      00163
end_of_initialization                 cinit        007FD
init_ram                              inittext     00169
intlevel0                             functab      00000
intlevel1                             functab      00000
intlevel2                             functab      00000
intlevel3                             functab      00000
intlevel4                             functab      00000
intlevel5                             functab      00000
isdigit@c                             cstackCOMMON 00071
lcd_cmd@cmd                           cstackBANK0  00045
lcd_cmd@tbuf                          cstackBANK0  00043
lcd_data@data                         cstackBANK0  00043
lcd_data@tbuf                         cstackBANK0  00044
lcd_str@ptr                           cstackBANK0  00047
rd1RegCompleteHandler@ptr             cstackCOMMON 00079
rd2RegCompleteHandler@ptr             cstackCOMMON 00079
rdBlkRegCompleteHandler@ptr           cstackCOMMON 00079
reset_vec                             reset_vec    00000
sprintf@ap                            cstackBANK0  00045
sprintf@c                             cstackBANK0  0004D
sprintf@f                             cstackBANK0  0003D
sprintf@flag                          cstackBANK0  00047
sprintf@prec                          cstackBANK0  00046
sprintf@sp                            cstackBANK0  0004C
sprintf@val                           cstackBANK0  00048
sprintf@width                         cstackBANK0  0004A
start                                 init         00002
start_initialization                  cinit        007DD
wr1RegCompleteHandler@ptr             cstackCOMMON 00079
wr2RegCompleteHandler@ptr             cstackCOMMON 00079
wtemp0                                (abs)        0007E


FUNCTION INFORMATION:

 *************** function _main *****************
 Defined at:
		line 61 in file "main.c"
 Parameters:    Size  Location     Type
		None
 Auto vars:     Size  Location     Type
		None
 Return value:  Size  Location     Type
                  1    wreg      void 
 Registers used:
		wreg, fsr0l, fsr0h, fsr1l, fsr1h, status,2, status,0, pclath, cstack
 Tracked objects:
		On entry : 
		On exit  : 
		Unchanged: 
 Data sizes:     COMMON   BANK0   BANK1   BANK2   BANK3   BANK4   BANK5   BANK6   BANK7   BANK8   BANK9  BANK10  BANK11  BANK12  BANK13  BANK14  BANK15  BANK16  BANK17  BANK18  BANK19  BANK20  BANK21  BANK22  BANK23  BANK24  BANK25
      Params:         0       0       0       0       0       0       0       0       0       0       0       0       0       0       0       0       0       0       0       0       0       0       0       0       0       0       0
      Locals:         0       0       0       0       0       0       0       0       0       0       0       0       0       0       0       0       0       0       0       0       0       0       0       0       0       0       0
      Temps:          0       2       0       0       0       0       0       0       0       0       0       0       0       0       0       0       0       0       0       0       0       0       0       0       0       0       0
      Totals:         0       2       0       0       0       0       0       0       0       0       0       0       0       0       0       0       0       0       0       0       0       0       0       0       0       0       0
Total ram usage:        2 bytes
 Hardware stack levels required when called:   10
 This function calls:
		_PWM1_LoadDutyValue
		_SYSTEM_Initialize
		_lcd_cmd
		_lcd_init
		_lcd_str
		_sprintf
 This function is called by:
		Startup code after reset
 This function uses a non-reentrant model


 *************** function _sprintf *****************
 Defined at:
		line 505 in file "C:\Program Files\Microchip\xc8\v2.20\pic\sources\c90\common\doprnt.c"
 Parameters:    Size  Location     Type
  sp              1    wreg     PTR unsigned char 
		 -> Msg2(12), 
  f               2    0[BANK0 ] PTR const unsigned char 
		 -> STR_1(11), 
 Auto vars:     Size  Location     Type
  sp              1   15[BANK0 ] PTR unsigned char 
		 -> Msg2(12), 
  tmpval          4    0        struct .
  width           2   13[BANK0 ] int 
  val             2   11[BANK0 ] unsigned int 
  cp              2    0        PTR const unsigned char 
  len             2    0        unsigned int 
  c               1   16[BANK0 ] unsigned char 
  flag            1   10[BANK0 ] unsigned char 
  prec            1    9[BANK0 ] char 
  ap              1    8[BANK0 ] PTR void [1]
		 -> ?_sprintf(2), 
 Return value:  Size  Location     Type
                  2    0[BANK0 ] int 
 Registers used:
		wreg, fsr0l, fsr0h, fsr1l, fsr1h, status,2, status,0, pclath, cstack
 Tracked objects:
		On entry : 
		On exit  : 
		Unchanged: 
 Data sizes:     COMMON   BANK0   BANK1   BANK2   BANK3   BANK4   BANK5   BANK6   BANK7   BANK8   BANK9  BANK10  BANK11  BANK12  BANK13  BANK14  BANK15  BANK16  BANK17  BANK18  BANK19  BANK20  BANK21  BANK22  BANK23  BANK24  BANK25
      Params:         0       4       0       0       0       0       0       0       0       0       0       0       0       0       0       0       0       0       0       0       0       0       0       0       0       0       0
      Locals:         0       9       0       0       0       0       0       0       0       0       0       0       0       0       0       0       0       0       0       0       0       0       0       0       0       0       0
      Temps:          0       4       0       0       0       0       0       0       0       0       0       0       0       0       0       0       0       0       0       0       0       0       0       0       0       0       0
      Totals:         0      17       0       0       0       0       0       0       0       0       0       0       0       0       0       0       0       0       0       0       0       0       0       0       0       0       0
Total ram usage:       17 bytes
 Hardware stack levels used:    1
 Hardware stack levels required when called:    1
 This function calls:
		___lwdiv
		___lwmod
		___wmul
		_isdigit
 This function is called by:
		_main
 This function uses a non-reentrant model


 *************** function _isdigit *****************
 Defined at:
		line 8 in file "C:\Program Files\Microchip\xc8\v2.20\pic\sources\c90\common\isdigit.c"
 Parameters:    Size  Location     Type
  c               1    wreg     unsigned char 
 Auto vars:     Size  Location     Type
  c               1    1[COMMON] unsigned char 
 Return value:  Size  Location     Type
		None               void
 Registers used:
		wreg, status,2, status,0
 Tracked objects:
		On entry : 
		On exit  : 
		Unchanged: 
 Data sizes:     COMMON   BANK0   BANK1   BANK2   BANK3   BANK4   BANK5   BANK6   BANK7   BANK8   BANK9  BANK10  BANK11  BANK12  BANK13  BANK14  BANK15  BANK16  BANK17  BANK18  BANK19  BANK20  BANK21  BANK22  BANK23  BANK24  BANK25
      Params:         0       0       0       0       0       0       0       0       0       0       0       0       0       0       0       0       0       0       0       0       0       0       0       0       0       0       0
      Locals:         2       0       0       0       0       0       0       0       0       0       0       0       0       0       0       0       0       0       0       0       0       0       0       0       0       0       0
      Temps:          0       0       0       0       0       0       0       0       0       0       0       0       0       0       0       0       0       0       0       0       0       0       0       0       0       0       0
      Totals:         2       0       0       0       0       0       0       0       0       0       0       0       0       0       0       0       0       0       0       0       0       0       0       0       0       0       0
Total ram usage:        2 bytes
 Hardware stack levels used:    1
 This function calls:
		Nothing
 This function is called by:
		_sprintf
 This function uses a non-reentrant model


 *************** function ___wmul *****************
 Defined at:
		line 15 in file "C:\Program Files\Microchip\xc8\v2.20\pic\sources\c90\common\Umul16.c"
 Parameters:    Size  Location     Type
  multiplier      2    0[COMMON] unsigned int 
  multiplicand    2    2[COMMON] unsigned int 
 Auto vars:     Size  Location     Type
  product         2    4[COMMON] unsigned int 
 Return value:  Size  Location     Type
                  2    0[COMMON] unsigned int 
 Registers used:
		wreg, status,2, status,0
 Tracked objects:
		On entry : 
		On exit  : 
		Unchanged: 
 Data sizes:     COMMON   BANK0   BANK1   BANK2   BANK3   BANK4   BANK5   BANK6   BANK7   BANK8   BANK9  BANK10  BANK11  BANK12  BANK13  BANK14  BANK15  BANK16  BANK17  BANK18  BANK19  BANK20  BANK21  BANK22  BANK23  BANK24  BANK25
      Params:         4       0       0       0       0       0       0       0       0       0       0       0       0       0       0       0       0       0       0       0       0       0       0       0       0       0       0
      Locals:         2       0       0       0       0       0       0       0       0       0       0       0       0       0       0       0       0       0       0       0       0       0       0       0       0       0       0
      Temps:          0       0       0       0       0       0       0       0       0       0       0       0       0       0       0       0       0       0       0       0       0       0       0       0       0       0       0
      Totals:         6       0       0       0       0       0       0       0       0       0       0       0       0       0       0       0       0       0       0       0       0       0       0       0       0       0       0
Total ram usage:        6 bytes
 Hardware stack levels used:    1
 This function calls:
		Nothing
 This function is called by:
		_sprintf
 This function uses a non-reentrant model


 *************** function ___lwmod *****************
 Defined at:
		line 5 in file "C:\Program Files\Microchip\xc8\v2.20\pic\sources\c90\common\lwmod.c"
 Parameters:    Size  Location     Type
  divisor         2    8[COMMON] unsigned int 
  dividend        2   10[COMMON] unsigned int 
 Auto vars:     Size  Location     Type
  counter         1   13[COMMON] unsigned char 
 Return value:  Size  Location     Type
                  2    8[COMMON] unsigned int 
 Registers used:
		wreg, status,2, status,0
 Tracked objects:
		On entry : 
		On exit  : 
		Unchanged: 
[...]
      Temps:          0       0       0       0       0       0       0       0       0       0       0       0       0       0       0       0       0       0       0       0       0       0       0       0       0       0       0
      Totals:         0       0       0       0       0       0       0       0       0       0       0       0       0       0       0       0       0       0       0       0       0       0       0       0       0       0       0
Total ram usage:        0 bytes
 Hardware stack levels used:    1
 Hardware stack levels required when called:    1
 This function calls:
		_COG3_Initialize
		_I2C_Initialize
		_OSCILLATOR_Initialize
		_PIN_MANAGER_Initialize
		_PWM1_Initialize
		_TMR2_Initialize
		_WDT_Initialize
 This function is called by:
		_main
 This function uses a non-reentrant model


 *************** function _WDT_Initialize *****************
 Defined at:
		line 78 in file "mcc_generated_files/mcc.c"
 Parameters:    Size  Location     Type
		None
 Auto vars:     Size  Location     Type
		None
 Return value:  Size  Location     Type
                  1    wreg      void 
 Registers used:
		wreg
 Tracked objects:
		On entry : 
		On exit  : 
		Unchanged: 
 Data sizes:     COMMON   BANK0   BANK1   BANK2   BANK3   BANK4   BANK5   BANK6   BANK7   BANK8   BANK9  BANK10  BANK11  BANK12  BANK13  BANK14  BANK15  BANK16  BANK17  BANK18  BANK19  BANK20  BANK21  BANK22  BANK23  BANK24  BANK25
      Params:         0       0       0       0       0       0       0       0       0       0       0       0       0       0       0       0       0       0       0       0       0       0       0       0       0       0       0
      Locals:         0       0       0       0       0       0       0       0       0       0       0       0       0       0       0       0       0       0       0       0       0       0       0       0       0       0       0
      Temps:          0       0       0       0       0       0       0       0       0       0       0       0       0       0       0       0       0       0       0       0       0       0       0       0       0       0       0
      Totals:         0       0       0       0       0       0       0       0       0       0       0       0       0       0       0       0       0       0       0       0       0       0       0       0       0       0       0
Total ram usage:        0 bytes
 Hardware stack levels used:    1
 This function calls:
		Nothing
 This function is called by:
		_SYSTEM_Initialize
 This function uses a non-reentrant model


 *************** function _TMR2_Initialize *****************
 Defined at:
		line 62 in file "mcc_generated_files/tmr2.c"
 Parameters:    Size  Location     Type
		None
 Auto vars:     Size  Location     Type
		None
 Return value:  Size  Location     Type
                  1    wreg      void 
 Registers used:
		wreg, status,2
 Tracked objects:
		On entry : 
		On exit  : 
		Unchanged: 
 Data sizes:     COMMON   BANK0   BANK1   BANK2   BANK3   BANK4   BANK5   BANK6   BANK7   BANK8   BANK9  BANK10  BANK11  BANK12  BANK13  BANK14  BANK15  BANK16  BANK17  BANK18  BANK19  BANK20  BANK21  BANK22  BANK23  BANK24  BANK25
      Params:         0       0       0       0       0       0       0       0       0       0       0       0       0       0       0       0       0       0       0       0       0       0       0       0       0       0       0
      Locals:         0       0       0       0       0       0       0       0       0       0       0       0       0       0       0       0       0       0       0       0       0       0       0       0       0       0       0
      Temps:          0       0       0       0       0       0       0       0       0       0       0       0       0       0       0       0       0       0       0       0       0       0       0       0       0       0       0
      Totals:         0       0       0       0       0       0       0       0       0       0       0       0       0       0       0       0       0       0       0       0       0       0       0       0       0       0       0
Total ram usage:        0 bytes
 Hardware stack levels used:    1
 This function calls:
		Nothing
 This function is called by:
		_SYSTEM_Initialize
 This function uses a non-reentrant model


 *************** function _PWM1_Initialize *****************
 Defined at:
		line 64 in file "mcc_generated_files/pwm1.c"
 Parameters:    Size  Location     Type
		None
 Auto vars:     Size  Location     Type
		None
 Return value:  Size  Location     Type
                  1    wreg      void 
 Registers used:
		wreg, status,2, status,0
 Tracked objects:
		On entry : 
		On exit  : 
		Unchanged: 
 Data sizes:     COMMON   BANK0   BANK1   BANK2   BANK3   BANK4   BANK5   BANK6   BANK7   BANK8   BANK9  BANK10  BANK11  BANK12  BANK13  BANK14  BANK15  BANK16  BANK17  BANK18  BANK19  BANK20  BANK21  BANK22  BANK23  BANK24  BANK25
      Params:         0       0       0       0       0       0       0       0       0       0       0       0       0       0       0       0       0       0       0       0       0       0       0       0       0       0       0
      Locals:         0       0       0       0       0       0       0       0       0       0       0       0       0       0       0       0       0       0       0       0       0       0       0       0       0       0       0
      Temps:          0       0       0       0       0       0       0       0       0       0       0       0       0       0       0       0       0       0       0       0       0       0       0       0       0       0       0
      Totals:         0       0       0       0       0       0       0       0       0       0       0       0       0       0       0       0       0       0       0       0       0       0       0       0       0       0       0
Total ram usage:        0 bytes
 Hardware stack levels used:    1
 This function calls:
		Nothing
 This function is called by:
		_SYSTEM_Initialize
 This function uses a non-reentrant model


 *************** function _PIN_MANAGER_Initialize *****************
 Defined at:
		line 55 in file "mcc_generated_files/pin_manager.c"
 Parameters:    Size  Location     Type
		None
 Auto vars:     Size  Location     Type
		None
 Return value:  Size  Location     Type
                  1    wreg      void 
 Registers used:
		wreg, status,2
 Tracked objects:
		On entry : 
		On exit  : 
		Unchanged: 
 Data sizes:     COMMON   BANK0   BANK1   BANK2   BANK3   BANK4   BANK5   BANK6   BANK7   BANK8   BANK9  BANK10  BANK11  BANK12  BANK13  BANK14  BANK15  BANK16  BANK17  BANK18  BANK19  BANK20  BANK21  BANK22  BANK23  BANK24  BANK25
      Params:         0       0       0       0       0       0       0       0       0       0       0       0       0       0       0       0       0       0       0       0       0       0       0       0       0       0       0
      Locals:         0       0       0       0       0       0       0       0       0       0       0       0       0       0       0       0       0       0       0       0       0       0       0       0       0       0       0
      Temps:          0       0       0       0       0       0       0       0       0       0       0       0       0       0       0       0       0       0       0       0       0       0       0       0       0       0       0
      Totals:         0       0       0       0       0       0       0       0       0       0       0       0       0       0       0       0       0       0       0       0       0       0       0       0       0       0       0
Total ram usage:        0 bytes
 Hardware stack levels used:    1
 This function calls:
		Nothing
 This function is called by:
		_SYSTEM_Initialize
 This function uses a non-reentrant model


 *************** function _OSCILLATOR_Initialize *****************
 Defined at:
		line 62 in file "mcc_generated_files/mcc.c"
 Parameters:    Size  Location     Type
		None
 Auto vars:     Size  Location     Type
		None
 Return value:  Size  Location     Type
                  1    wreg      void 
 Registers used:
		wreg, status,2
 Tracked objects:
		On entry : 
		On exit  : 
		Unchanged: 
 Data sizes:     COMMON   BANK0   BANK1   BANK2   BANK3   BANK4   BANK5   BANK6   BANK7   BANK8   BANK9  BANK10  BANK11  BANK12  BANK13  BANK14  BANK15  BANK16  BANK17  BANK18  BANK19  BANK20  BANK21  BANK22  BANK23  BANK24  BANK25
      Params:         0       0       0       0       0       0       0       0       0       0       0       0       0       0       0       0       0       0       0       0       0       0       0       0       0       0       0
      Locals:         0       0       0       0       0       0       0       0       0       0       0       0       0       0       0       0       0       0       0       0       0       0       0       0       0       0       0
      Temps:          0       0       0       0       0       0       0       0       0       0       0       0       0       0       0       0       0       0       0       0       0       0       0       0       0       0       0
      Totals:         0       0       0       0       0       0       0       0       0       0       0       0       0       0       0       0       0       0       0       0       0       0       0       0       0       0       0
Total ram usage:        0 bytes
 Hardware stack levels used:    1
 This function calls:
		Nothing
 This function is called by:
		_SYSTEM_Initialize
 This function uses a non-reentrant model


 *************** function _I2C_Initialize *****************
 Defined at:
		line 167 in file "mcc_generated_files/i2c_master.c"
 Parameters:    Size  Location     Type
		None
 Auto vars:     Size  Location     Type
		None
 Return value:  Size  Location     Type
                  1    wreg      void 
 Registers used:
		wreg, status,2
 Tracked objects:
		On entry : 
		On exit  : 
		Unchanged: 
 Data sizes:     COMMON   BANK0   BANK1   BANK2   BANK3   BANK4   BANK5   BANK6   BANK7   BANK8   BANK9  BANK10  BANK11  BANK12  BANK13  BANK14  BANK15  BANK16  BANK17  BANK18  BANK19  BANK20  BANK21  BANK22  BANK23  BANK24  BANK25
      Params:         0       0       0       0       0       0       0       0       0       0       0       0       0       0       0       0       0       0       0       0       0       0       0       0       0       0       0
      Locals:         0       0       0       0       0       0       0       0       0       0       0       0       0       0       0       0       0       0       0       0       0       0       0       0       0       0       0
      Temps:          0       0       0       0       0       0       0       0       0       0       0       0       0       0       0       0       0       0       0       0       0       0       0       0       0       0       0
      Totals:         0       0       0       0       0       0       0       0       0       0       0       0       0       0       0       0       0       0       0       0       0       0       0       0       0       0       0
Total ram usage:        0 bytes
 Hardware stack levels used:    1
 This function calls:
		Nothing
 This function is called by:
		_SYSTEM_Initialize
 This function uses a non-reentrant model


 *************** function _COG3_Initialize *****************
 Defined at:
		line 58 in file "mcc_generated_files/cog3.c"
 Parameters:    Size  Location     Type
		None
 Auto vars:     Size  Location     Type
		None
 Return value:  Size  Location     Type
                  1    wreg      void 
 Registers used:
		wreg, status,2
 Tracked objects:
		On entry : 
		On exit  : 
		Unchanged: 
 Data sizes:     COMMON   BANK0   BANK1   BANK2   BANK3   BANK4   BANK5   BANK6   BANK7   BANK8   BANK9  BANK10  BANK11  BANK12  BANK13  BANK14  BANK15  BANK16  BANK17  BANK18  BANK19  BANK20  BANK21  BANK22  BANK23  BANK24  BANK25
      Params:         0       0       0       0       0       0       0       0       0       0       0       0       0       0       0       0       0       0       0       0       0       0       0       0       0       0       0
      Locals:         0       0       0       0       0       0       0       0       0       0       0       0       0       0       0       0       0       0       0       0       0       0       0       0       0       0       0
      Temps:          0       0       0       0       0       0       0       0       0       0       0       0       0       0       0       0       0       0       0       0       0       0       0       0       0       0       0
      Totals:         0       0       0       0       0       0       0       0       0       0       0       0       0       0       0       0       0       0       0       0       0       0       0       0       0       0       0
Total ram usage:        0 bytes
 Hardware stack levels used:    1
 This function calls:
		Nothing
 This function is called by:
		_SYSTEM_Initialize
 This function uses a non-reentrant model


 *************** function _PWM1_LoadDutyValue *****************
 Defined at:
		line 82 in file "mcc_generated_files/pwm1.c"
 Parameters:    Size  Location     Type
  dutyValue       2    0[COMMON] unsigned int 
 Auto vars:     Size  Location     Type
		None
 Return value:  Size  Location     Type
                  1    wreg      void 
 Registers used:
		wreg, status,2
 Tracked objects:
		On entry : 
		On exit  : 
		Unchanged: 
 Data sizes:     COMMON   BANK0   BANK1   BANK2   BANK3   BANK4   BANK5   BANK6   BANK7   BANK8   BANK9  BANK10  BANK11  BANK12  BANK13  BANK14  BANK15  BANK16  BANK17  BANK18  BANK19  BANK20  BANK21  BANK22  BANK23  BANK24  BANK25
      Params:         2       0       0       0       0       0       0       0       0       0       0       0       0       0       0       0       0       0       0       0       0       0       0       0       0       0       0
      Locals:         0       0       0       0       0       0       0       0       0       0       0       0       0       0       0       0       0       0       0       0       0       0       0       0       0       0       0
      Temps:          0       0       0       0       0       0       0       0       0       0       0       0       0       0       0       0       0       0       0       0       0       0       0       0       0       0       0
      Totals:         2       0       0       0       0       0       0       0       0       0       0       0       0       0       0       0       0       0       0       0       0       0       0       0       0       0       0
Total ram usage:        2 bytes
 Hardware stack levels used:    1
 This function calls:
		Nothing
 This function is called by:
		_main
 This function uses a non-reentrant model



MODULE INFORMATION

Module		Function		Class		Link	Load	Size
mcc_generated_files/tmr2.c
		_TMR2_Initialize		CODE           	01C1	0000	15

mcc_generated_files/tmr2.c estimated size: 15

C:\Program Files\Microchip\xc8\v2.20\pic\sources\c90\common\isdigit.c
		_isdigit       		CODE           	0251	0000	19

C:\Program Files\Microchip\xc8\v2.20\pic\sources\c90\common\isdigit.c estimated size: 19

mcc_generated_files/examples/i2c_master_example.c
		_wr1RegCompleteHandler		CODE           	022F	0000	18
		_wr2RegCompleteHandler		CODE           	01FC	0000	18
		_rdBlkRegCompleteHandler		CODE           	028C	0000	25
		_rd1RegCompleteHandler		CODE           	020D	0000	18
		_rd2RegCompleteHandler		CODE           	021E	0000	18

mcc_generated_files/examples/i2c_master_example.c estimated size: 97

mcc_generated_files/pin_manager.c
		_PIN_MANAGER_Initialize		CODE           	0560	0000	67

mcc_generated_files/pin_manager.c estimated size: 67

C:\Program Files\Microchip\xc8\v2.20\pic\sources\c90\common\lwmod.c
		___lwmod       		CODE           	03FC	0000	53

C:\Program Files\Microchip\xc8\v2.20\pic\sources\c90\common\lwmod.c estimated size: 53

lcd_lib.c
		_lcd_cmd       		CODE           	04A6	0000	62
		_lcd_data      		CODE           	03A7	0000	43
		_lcd_str       		CODE           	02A4	0000	25
		_lcd_init      		CODE           	0521	0000	64

lcd_lib.c estimated size: 194

mcc_generated_files/cog3.c
		_COG3_Initialize		CODE           	0316	0000	33

mcc_generated_files/cog3.c estimated size: 33

C:\Program Files\Microchip\xc8\v2.20\pic\sources\c90\common\doprnt.c
		_sprintf       		CODE           	0680	0000	350

C:\Program Files\Microchip\xc8\v2.20\pic\sources\c90\common\doprnt.c estimated size: 350

shared
		_dpowers       		STRCODE        	0858	0000	11
		_ICON          		STRCODE        	0800	0000	57
		__initialization		CODE           	07DD	0000	33
		_i2c_fsmStateTable		STRCODE        	0838	0000	33

shared estimated size: 134

mcc_generated_files/mcc.c
		_WDT_Initialize		CODE           	0114	0000	5
		_OSCILLATOR_Initialize		CODE           	019B	0000	13
		_SYSTEM_Initialize		CODE           	0276	0000	23

mcc_generated_files/mcc.c estimated size: 41

C:\Program Files\Microchip\xc8\v2.20\pic\sources\c90\common\Umul16.c
		___wmul        		CODE           	02F7	0000	32

C:\Program Files\Microchip\xc8\v2.20\pic\sources\c90\common\Umul16.c estimated size: 32

C:\Program Files\Microchip\xc8\v2.20\pic\sources\c90\common\lwdiv.c
		___lwdiv       		CODE           	046A	0000	61

C:\Program Files\Microchip\xc8\v2.20\pic\sources\c90\common\lwdiv.c estimated size: 61

mcc_generated_files/pwm1.c
		_PWM1_Initialize		CODE           	0191	0000	11
		_PWM1_LoadDutyValue		CODE           	0263	0000	20

mcc_generated_files/pwm1.c estimated size: 31

mcc_generated_files/i2c_master.c
		_I2C_Close     		CODE           	02BC	0000	29
		_I2C_MasterStartRx		CODE           	010B	0000	4
		_I2C_DO_SEND_ADR_WRITE		CODE           	0176	0000	9
		_I2C_MasterWaitForEvent		CODE           	015D	0000	7
		_I2C_DO_SEND_STOP		CODE           	0139	0000	6
		_I2C_MasterSendNack		CODE           	0118	0000	5
		_I2C_MasterDisableIrq		CODE           	00FF	0000	4
		_I2C_CallbackReturnStop		CODE           	00F5	0000	3
		_I2C_MasterOperation		CODE           	02D8	0000	32
		_I2C_DO_SEND_ADR_READ		CODE           	017E	0000	10
		_I2C_DO_RX_NACK_STOP		CODE           	0143	0000	6
		_I2C_DO_SEND_RESTART		CODE           	0134	0000	6
		_I2C_DO_RX     		CODE           	04E3	0000	63
		_I2C_DO_TX     		CODE           	05A2	0000	85
		_I2C_DO_IDLE   		CODE           	0125	0000	6
		_I2C_DO_RCEN   		CODE           	016F	0000	8
		_I2C_Poller    		CODE           	01B4	0000	14
		_I2C_DO_RESET  		CODE           	014D	0000	6
		_I2C_MasterClose		CODE           	00FC	0000	4
		_I2C_MasterWrite		CODE           	0152	0000	6
		_I2C_DO_RX_ACK 		CODE           	013E	0000	6
		_I2C_MasterStart		CODE           	0102	0000	4
		_I2C_MasterClearIrq		CODE           	00F9	0000	4
		_I2C_MasterGetRxData		CODE           	010E	0000	4
		_I2C_SetCallback		CODE           	035A	0000	39
		_I2C_DO_ADDRESS_NACK		CODE           	0336	0000	37
		_I2C_MasterEnableRestart		CODE           	0105	0000	4
		_I2C_CallbackReturnReset		CODE           	00F7	0000	3
		_I2C_Open      		CODE           	0430	0000	59
		_I2C_DO_TX_EMPTY		CODE           	0380	0000	40
		_I2C_DO_SEND_RESTART_WRITE		CODE           	012F	0000	6
		_I2C_MasterIsNack		CODE           	0157	0000	7
		_I2C_SetDataCompleteCallback		CODE           	01A7	0000	14
		_I2C_DO_RX_NACK_RESTART		CODE           	0148	0000	6
		_I2C_MasterSendAck		CODE           	011C	0000	5
		_I2C_MasterFsm 		CODE           	03D1	0000	44
		_I2C_MasterSetIrq		CODE           	0111	0000	4
		_I2C_DO_SEND_RESTART_READ		CODE           	012A	0000	6
		_I2C_Initialize		CODE           	0187	0000	11
		_I2C_SetBuffer 		CODE           	01EC	0000	17
		_I2C_MasterOpen		CODE           	01CF	0000	15
		_I2C_MasterSendTxData		CODE           	0120	0000	6
		_I2C_MasterStop		CODE           	0108	0000	4

mcc_generated_files/i2c_master.c estimated size: 658

main.c
		_main          		CODE           	05F6	0000	139

main.c estimated size: 139

